Archive member included to satisfy reference by file (symbol)

c:/ac6/systemworkbench/plugins/fr.ac6.mcu.externaltools.arm-none.win32_1.17.0.201812190825/tools/compiler/bin/../lib/gcc/arm-none-eabi/7.3.1/thumb/v7e-m/fpv4-sp/hard\libgcc.a(_aeabi_uldivmod.o)
                              Drivers/STM32L4xx_HAL_Driver/Src/stm32l4xx_hal_uart.o (__aeabi_uldivmod)
c:/ac6/systemworkbench/plugins/fr.ac6.mcu.externaltools.arm-none.win32_1.17.0.201812190825/tools/compiler/bin/../lib/gcc/arm-none-eabi/7.3.1/thumb/v7e-m/fpv4-sp/hard\libgcc.a(_udivmoddi4.o)
                              c:/ac6/systemworkbench/plugins/fr.ac6.mcu.externaltools.arm-none.win32_1.17.0.201812190825/tools/compiler/bin/../lib/gcc/arm-none-eabi/7.3.1/thumb/v7e-m/fpv4-sp/hard\libgcc.a(_aeabi_uldivmod.o) (__udivmoddi4)
c:/ac6/systemworkbench/plugins/fr.ac6.mcu.externaltools.arm-none.win32_1.17.0.201812190825/tools/compiler/bin/../lib/gcc/arm-none-eabi/7.3.1/thumb/v7e-m/fpv4-sp/hard\libgcc.a(_dvmd_tls.o)
                              c:/ac6/systemworkbench/plugins/fr.ac6.mcu.externaltools.arm-none.win32_1.17.0.201812190825/tools/compiler/bin/../lib/gcc/arm-none-eabi/7.3.1/thumb/v7e-m/fpv4-sp/hard\libgcc.a(_aeabi_uldivmod.o) (__aeabi_ldiv0)
c:/ac6/systemworkbench/plugins/fr.ac6.mcu.externaltools.arm-none.win32_1.17.0.201812190825/tools/compiler/bin/../lib/gcc/arm-none-eabi/7.3.1/../../../../arm-none-eabi/lib/thumb/v7e-m/fpv4-sp/hard\libc_nano.a(lib_a-errno.o)
                              Src/syscalls.o (__errno)
c:/ac6/systemworkbench/plugins/fr.ac6.mcu.externaltools.arm-none.win32_1.17.0.201812190825/tools/compiler/bin/../lib/gcc/arm-none-eabi/7.3.1/../../../../arm-none-eabi/lib/thumb/v7e-m/fpv4-sp/hard\libc_nano.a(lib_a-exit.o)
                              c:/ac6/systemworkbench/plugins/fr.ac6.mcu.externaltools.arm-none.win32_1.17.0.201812190825/tools/compiler/bin/../lib/gcc/arm-none-eabi/7.3.1/../../../../arm-none-eabi/lib/thumb/v7e-m/fpv4-sp/hard/crt0.o (exit)
c:/ac6/systemworkbench/plugins/fr.ac6.mcu.externaltools.arm-none.win32_1.17.0.201812190825/tools/compiler/bin/../lib/gcc/arm-none-eabi/7.3.1/../../../../arm-none-eabi/lib/thumb/v7e-m/fpv4-sp/hard\libc_nano.a(lib_a-impure.o)
                              c:/ac6/systemworkbench/plugins/fr.ac6.mcu.externaltools.arm-none.win32_1.17.0.201812190825/tools/compiler/bin/../lib/gcc/arm-none-eabi/7.3.1/../../../../arm-none-eabi/lib/thumb/v7e-m/fpv4-sp/hard\libc_nano.a(lib_a-exit.o) (_global_impure_ptr)
c:/ac6/systemworkbench/plugins/fr.ac6.mcu.externaltools.arm-none.win32_1.17.0.201812190825/tools/compiler/bin/../lib/gcc/arm-none-eabi/7.3.1/../../../../arm-none-eabi/lib/thumb/v7e-m/fpv4-sp/hard\libc_nano.a(lib_a-init.o)
                              c:/ac6/systemworkbench/plugins/fr.ac6.mcu.externaltools.arm-none.win32_1.17.0.201812190825/tools/compiler/bin/../lib/gcc/arm-none-eabi/7.3.1/../../../../arm-none-eabi/lib/thumb/v7e-m/fpv4-sp/hard/crt0.o (__libc_init_array)
c:/ac6/systemworkbench/plugins/fr.ac6.mcu.externaltools.arm-none.win32_1.17.0.201812190825/tools/compiler/bin/../lib/gcc/arm-none-eabi/7.3.1/../../../../arm-none-eabi/lib/thumb/v7e-m/fpv4-sp/hard\libc_nano.a(lib_a-memcpy-stub.o)
                              Src/usbd_cdc_if.o (memcpy)
c:/ac6/systemworkbench/plugins/fr.ac6.mcu.externaltools.arm-none.win32_1.17.0.201812190825/tools/compiler/bin/../lib/gcc/arm-none-eabi/7.3.1/../../../../arm-none-eabi/lib/thumb/v7e-m/fpv4-sp/hard\libc_nano.a(lib_a-memset.o)
                              c:/ac6/systemworkbench/plugins/fr.ac6.mcu.externaltools.arm-none.win32_1.17.0.201812190825/tools/compiler/bin/../lib/gcc/arm-none-eabi/7.3.1/../../../../arm-none-eabi/lib/thumb/v7e-m/fpv4-sp/hard/crt0.o (memset)
c:/ac6/systemworkbench/plugins/fr.ac6.mcu.externaltools.arm-none.win32_1.17.0.201812190825/tools/compiler/bin/../lib/gcc/arm-none-eabi/7.3.1/../../../../arm-none-eabi/lib/thumb/v7e-m/fpv4-sp/hard\libc_nano.a(lib_a-strlen.o)
                              Src/main.o (strlen)

Allocating common symbols
Common symbol       size              file

hUsbDeviceFS        0x29c             Src/usb_device.o
hpcd_USB_OTG_FS     0x408             Src/usbd_conf.o
uwTick              0x4               Drivers/STM32L4xx_HAL_Driver/Src/stm32l4xx_hal.o
UserRxBufferFS      0x800             Src/usbd_cdc_if.o
huart1              0x8c              Src/usart.o
UserTxBufferFS      0x800             Src/usbd_cdc_if.o
htim1               0x40              Src/tim.o
USBD_StrDesc        0x200             Src/usbd_desc.o

Discarded input sections

 .text          0x00000000        0x0 c:/ac6/systemworkbench/plugins/fr.ac6.mcu.externaltools.arm-none.win32_1.17.0.201812190825/tools/compiler/bin/../lib/gcc/arm-none-eabi/7.3.1/thumb/v7e-m/fpv4-sp/hard/crti.o
 .data          0x00000000        0x0 c:/ac6/systemworkbench/plugins/fr.ac6.mcu.externaltools.arm-none.win32_1.17.0.201812190825/tools/compiler/bin/../lib/gcc/arm-none-eabi/7.3.1/thumb/v7e-m/fpv4-sp/hard/crti.o
[...]
Memory Configuration

Name             Origin             Length             Attributes
RAM              0x20000000         0x000a0000         xrw
FLASH            0x08000000         0x00200000         xr
*default*        0x00000000         0xffffffff

Linker script and memory map

LOAD c:/ac6/systemworkbench/plugins/fr.ac6.mcu.externaltools.arm-none.win32_1.17.0.201812190825/tools/compiler/bin/../lib/gcc/arm-none-eabi/7.3.1/thumb/v7e-m/fpv4-sp/hard/crti.o
LOAD c:/ac6/systemworkbench/plugins/fr.ac6.mcu.externaltools.arm-none.win32_1.17.0.201812190825/tools/compiler/bin/../lib/gcc/arm-none-eabi/7.3.1/thumb/v7e-m/fpv4-sp/hard/crtbegin.o
LOAD c:/ac6/systemworkbench/plugins/fr.ac6.mcu.externaltools.arm-none.win32_1.17.0.201812190825/tools/compiler/bin/../lib/gcc/arm-none-eabi/7.3.1/../../../../arm-none-eabi/lib/thumb/v7e-m/fpv4-sp/hard/crt0.o
LOAD Drivers/STM32L4xx_HAL_Driver/Src/stm32l4xx_hal.o
LOAD Drivers/STM32L4xx_HAL_Driver/Src/stm32l4xx_hal_cortex.o
LOAD Drivers/STM32L4xx_HAL_Driver/Src/stm32l4xx_hal_dma.o
LOAD Drivers/STM32L4xx_HAL_Driver/Src/stm32l4xx_hal_dma_ex.o
LOAD Drivers/STM32L4xx_HAL_Driver/Src/stm32l4xx_hal_exti.o
LOAD Drivers/STM32L4xx_HAL_Driver/Src/stm32l4xx_hal_flash.o
LOAD Drivers/STM32L4xx_HAL_Driver/Src/stm32l4xx_hal_flash_ex.o
LOAD Drivers/STM32L4xx_HAL_Driver/Src/stm32l4xx_hal_flash_ramfunc.o
LOAD Drivers/STM32L4xx_HAL_Driver/Src/stm32l4xx_hal_gpio.o
LOAD Drivers/STM32L4xx_HAL_Driver/Src/stm32l4xx_hal_i2c.o
LOAD Drivers/STM32L4xx_HAL_Driver/Src/stm32l4xx_hal_i2c_ex.o
LOAD Drivers/STM32L4xx_HAL_Driver/Src/stm32l4xx_hal_pcd.o
LOAD Drivers/STM32L4xx_HAL_Driver/Src/stm32l4xx_hal_pcd_ex.o
LOAD Drivers/STM32L4xx_HAL_Driver/Src/stm32l4xx_hal_pwr.o
LOAD Drivers/STM32L4xx_HAL_Driver/Src/stm32l4xx_hal_pwr_ex.o
LOAD Drivers/STM32L4xx_HAL_Driver/Src/stm32l4xx_hal_rcc.o
LOAD Drivers/STM32L4xx_HAL_Driver/Src/stm32l4xx_hal_rcc_ex.o
LOAD Drivers/STM32L4xx_HAL_Driver/Src/stm32l4xx_hal_tim.o
LOAD Drivers/STM32L4xx_HAL_Driver/Src/stm32l4xx_hal_tim_ex.o
LOAD Drivers/STM32L4xx_HAL_Driver/Src/stm32l4xx_hal_uart.o
LOAD Drivers/STM32L4xx_HAL_Driver/Src/stm32l4xx_hal_uart_ex.o
LOAD Drivers/STM32L4xx_HAL_Driver/Src/stm32l4xx_ll_usb.o
LOAD Middlewares/ST/STM32_USB_Device_Library/Class/CDC/Src/usbd_cdc.o
LOAD Middlewares/ST/STM32_USB_Device_Library/Core/Src/usbd_core.o
LOAD Middlewares/ST/STM32_USB_Device_Library/Core/Src/usbd_ctlreq.o
LOAD Middlewares/ST/STM32_USB_Device_Library/Core/Src/usbd_ioreq.o
LOAD Src/gpio.o
LOAD Src/main.o
LOAD Src/stm32l4xx_hal_msp.o
LOAD Src/stm32l4xx_it.o
LOAD Src/sys.o
LOAD Src/syscalls.o
LOAD Src/system_stm32l4xx.o
LOAD Src/tim.o
LOAD Src/usart.o
LOAD Src/usb_device.o
LOAD Src/usbd_cdc_if.o
LOAD Src/usbd_conf.o
LOAD Src/usbd_desc.o
LOAD startup/startup_stm32l4r5xx.o
LOAD c:/ac6/systemworkbench/plugins/fr.ac6.mcu.externaltools.arm-none.win32_1.17.0.201812190825/tools/compiler/bin/../lib/gcc/arm-none-eabi/7.3.1/../../../../arm-none-eabi/lib/thumb/v7e-m/fpv4-sp/hard\libm.a
START GROUP
LOAD c:/ac6/systemworkbench/plugins/fr.ac6.mcu.externaltools.arm-none.win32_1.17.0.201812190825/tools/compiler/bin/../lib/gcc/arm-none-eabi/7.3.1/thumb/v7e-m/fpv4-sp/hard\libgcc.a
LOAD c:/ac6/systemworkbench/plugins/fr.ac6.mcu.externaltools.arm-none.win32_1.17.0.201812190825/tools/compiler/bin/../lib/gcc/arm-none-eabi/7.3.1/../../../../arm-none-eabi/lib/thumb/v7e-m/fpv4-sp/hard\libc_nano.a
END GROUP
START GROUP
LOAD c:/ac6/systemworkbench/plugins/fr.ac6.mcu.externaltools.arm-none.win32_1.17.0.201812190825/tools/compiler/bin/../lib/gcc/arm-none-eabi/7.3.1/thumb/v7e-m/fpv4-sp/hard\libgcc.a
LOAD c:/ac6/systemworkbench/plugins/fr.ac6.mcu.externaltools.arm-none.win32_1.17.0.201812190825/tools/compiler/bin/../lib/gcc/arm-none-eabi/7.3.1/../../../../arm-none-eabi/lib/thumb/v7e-m/fpv4-sp/hard\libc_nano.a
LOAD c:/ac6/systemworkbench/plugins/fr.ac6.mcu.externaltools.arm-none.win32_1.17.0.201812190825/tools/compiler/bin/../lib/gcc/arm-none-eabi/7.3.1/../../../../arm-none-eabi/lib/thumb/v7e-m/fpv4-sp/hard\libnosys.a
END GROUP
START GROUP
LOAD c:/ac6/systemworkbench/plugins/fr.ac6.mcu.externaltools.arm-none.win32_1.17.0.201812190825/tools/compiler/bin/../lib/gcc/arm-none-eabi/7.3.1/thumb/v7e-m/fpv4-sp/hard\libgcc.a
LOAD c:/ac6/systemworkbench/plugins/fr.ac6.mcu.externaltools.arm-none.win32_1.17.0.201812190825/tools/compiler/bin/../lib/gcc/arm-none-eabi/7.3.1/../../../../arm-none-eabi/lib/thumb/v7e-m/fpv4-sp/hard\libc_nano.a
LOAD c:/ac6/systemworkbench/plugins/fr.ac6.mcu.externaltools.arm-none.win32_1.17.0.201812190825/tools/compiler/bin/../lib/gcc/arm-none-eabi/7.3.1/../../../../arm-none-eabi/lib/thumb/v7e-m/fpv4-sp/hard\libnosys.a
END GROUP
LOAD c:/ac6/systemworkbench/plugins/fr.ac6.mcu.externaltools.arm-none.win32_1.17.0.201812190825/tools/compiler/bin/../lib/gcc/arm-none-eabi/7.3.1/thumb/v7e-m/fpv4-sp/hard/crtend.o
LOAD c:/ac6/systemworkbench/plugins/fr.ac6.mcu.externaltools.arm-none.win32_1.17.0.201812190825/tools/compiler/bin/../lib/gcc/arm-none-eabi/7.3.1/thumb/v7e-m/fpv4-sp/hard/crtn.o
                0x200a0000                _estack = 0x200a0000
                0x00000200                _Min_Heap_Size = 0x200
                0x00000400                _Min_Stack_Size = 0x400

.isr_vector     0x08000000      0x1c0
                0x08000000                . = ALIGN (0x8)
 *(.isr_vector)
 .isr_vector    0x08000000      0x1bc startup/startup_stm32l4r5xx.o
                0x08000000                g_pfnVectors
                0x080001c0                . = ALIGN (0x8)
 *fill*         0x080001bc        0x4 

.text           0x080001c0     0x64d8
                0x080001c0                . = ALIGN (0x8)
 *(.text)
 .text          0x080001c0       0x40 c:/ac6/systemworkbench/plugins/fr.ac6.mcu.externaltools.arm-none.win32_1.17.0.201812190825/tools/compiler/bin/../lib/gcc/arm-none-eabi/7.3.1/thumb/v7e-m/fpv4-sp/hard/crtbegin.o
 .text          0x08000200       0x30 c:/ac6/systemworkbench/plugins/fr.ac6.mcu.externaltools.arm-none.win32_1.17.0.201812190825/tools/compiler/bin/../lib/gcc/arm-none-eabi/7.3.1/thumb/v7e-m/fpv4-sp/hard\libgcc.a(_aeabi_uldivmod.o)
                0x08000200                __aeabi_uldivmod
 .text          0x08000230      0x2cc c:/ac6/systemworkbench/plugins/fr.ac6.mcu.externaltools.arm-none.win32_1.17.0.201812190825/tools/compiler/bin/../lib/gcc/arm-none-eabi/7.3.1/thumb/v7e-m/fpv4-sp/hard\libgcc.a(_udivmoddi4.o)
                0x08000230                __udivmoddi4
 .text          0x080004fc        0x4 c:/ac6/systemworkbench/plugins/fr.ac6.mcu.externaltools.arm-none.win32_1.17.0.201812190825/tools/compiler/bin/../lib/gcc/arm-none-eabi/7.3.1/thumb/v7e-m/fpv4-sp/hard\libgcc.a(_dvmd_tls.o)
                0x080004fc                __aeabi_idiv0
                0x080004fc                __aeabi_ldiv0
 .text          0x08000500       0x10 c:/ac6/systemworkbench/plugins/fr.ac6.mcu.externaltools.arm-none.win32_1.17.0.201812190825/tools/compiler/bin/../lib/gcc/arm-none-eabi/7.3.1/../../../../arm-none-eabi/lib/thumb/v7e-m/fpv4-sp/hard\libc_nano.a(lib_a-strlen.o)
                0x08000500                strlen
 *(.text*)
 .text.HAL_InitTick
                0x08000510       0x4c Drivers/STM32L4xx_HAL_Driver/Src/stm32l4xx_hal.o
                0x08000510                HAL_InitTick
 .text.HAL_Init
                0x0800055c       0x1e Drivers/STM32L4xx_HAL_Driver/Src/stm32l4xx_hal.o
                0x0800055c                HAL_Init
 *fill*         0x0800057a        0x2 
 .text.HAL_IncTick
                0x0800057c       0x18 Drivers/STM32L4xx_HAL_Driver/Src/stm32l4xx_hal.o
                0x0800057c                HAL_IncTick
 .text.HAL_GetTick
                0x08000594        0xc Drivers/STM32L4xx_HAL_Driver/Src/stm32l4xx_hal.o
                0x08000594                HAL_GetTick
 .text.HAL_Delay
                0x080005a0       0x28 Drivers/STM32L4xx_HAL_Driver/Src/stm32l4xx_hal.o
                0x080005a0                HAL_Delay
 .text.HAL_NVIC_SetPriorityGrouping
                0x080005c8       0x24 Drivers/STM32L4xx_HAL_Driver/Src/stm32l4xx_hal_cortex.o
                0x080005c8                HAL_NVIC_SetPriorityGrouping
 .text.HAL_NVIC_SetPriority
                0x080005ec       0x68 Drivers/STM32L4xx_HAL_Driver/Src/stm32l4xx_hal_cortex.o
                0x080005ec                HAL_NVIC_SetPriority
 .text.HAL_NVIC_EnableIRQ
                0x08000654       0x1c Drivers/STM32L4xx_HAL_Driver/Src/stm32l4xx_hal_cortex.o
                0x08000654                HAL_NVIC_EnableIRQ
 .text.HAL_SYSTICK_Config
                0x08000670       0x2c Drivers/STM32L4xx_HAL_Driver/Src/stm32l4xx_hal_cortex.o
                0x08000670                HAL_SYSTICK_Config
 .text.HAL_DMA_Abort_IT
                0x0800069c       0x72 Drivers/STM32L4xx_HAL_Driver/Src/stm32l4xx_hal_dma.o
                0x0800069c                HAL_DMA_Abort_IT
 *fill*         0x0800070e        0x2 
 .text.HAL_GPIO_Init
                0x08000710      0x1b8 Drivers/STM32L4xx_HAL_Driver/Src/stm32l4xx_hal_gpio.o
                0x08000710                HAL_GPIO_Init
 .text.HAL_GPIO_WritePin
                0x080008c8        0xa Drivers/STM32L4xx_HAL_Driver/Src/stm32l4xx_hal_gpio.o
                0x080008c8                HAL_GPIO_WritePin
 .text.PCD_WriteEmptyTxFifo
                0x080008d2       0xcc Drivers/STM32L4xx_HAL_Driver/Src/stm32l4xx_hal_pcd.o
 .text.HAL_PCD_Init
                0x0800099e      0x130 Drivers/STM32L4xx_HAL_Driver/Src/stm32l4xx_hal_pcd.o
                0x0800099e                HAL_PCD_Init
 .text.HAL_PCD_Start
                0x08000ace       0x3c Drivers/STM32L4xx_HAL_Driver/Src/stm32l4xx_hal_pcd.o
                0x08000ace                HAL_PCD_Start
 *fill*         0x08000b0a        0x2 
 .text.PCD_EP_OutXfrComplete_int
                0x08000b0c       0x44 Drivers/STM32L4xx_HAL_Driver/Src/stm32l4xx_hal_pcd.o
 .text.PCD_EP_OutSetupPacket_int
                0x08000b50       0x34 Drivers/STM32L4xx_HAL_Driver/Src/stm32l4xx_hal_pcd.o
 .text.HAL_PCD_IRQHandler
                0x08000b84      0x48e Drivers/STM32L4xx_HAL_Driver/Src/stm32l4xx_hal_pcd.o
                0x08000b84                HAL_PCD_IRQHandler
 .text.HAL_PCD_SetAddress
                0x08001012       0x28 Drivers/STM32L4xx_HAL_Driver/Src/stm32l4xx_hal_pcd.o
                0x08001012                HAL_PCD_SetAddress
 .text.HAL_PCD_EP_Open
                0x0800103a       0x82 Drivers/STM32L4xx_HAL_Driver/Src/stm32l4xx_hal_pcd.o
                0x0800103a                HAL_PCD_EP_Open
 .text.HAL_PCD_EP_Close
                0x080010bc       0x6e Drivers/STM32L4xx_HAL_Driver/Src/stm32l4xx_hal_pcd.o
                0x080010bc                HAL_PCD_EP_Close
 .text.HAL_PCD_EP_Receive
                0x0800112a       0x44 Drivers/STM32L4xx_HAL_Driver/Src/stm32l4xx_hal_pcd.o
                0x0800112a                HAL_PCD_EP_Receive
 .text.HAL_PCD_EP_GetRxCount
                0x0800116e       0x12 Drivers/STM32L4xx_HAL_Driver/Src/stm32l4xx_hal_pcd.o
                0x0800116e                HAL_PCD_EP_GetRxCount
 .text.HAL_PCD_EP_Transmit
                0x08001180       0x3e Drivers/STM32L4xx_HAL_Driver/Src/stm32l4xx_hal_pcd.o
                0x08001180                HAL_PCD_EP_Transmit
 .text.HAL_PCD_EP_SetStall
                0x080011be       0x80 Drivers/STM32L4xx_HAL_Driver/Src/stm32l4xx_hal_pcd.o
                0x080011be                HAL_PCD_EP_SetStall
 .text.HAL_PCD_EP_ClrStall
                0x0800123e       0x6e Drivers/STM32L4xx_HAL_Driver/Src/stm32l4xx_hal_pcd.o
                0x0800123e                HAL_PCD_EP_ClrStall
 .text.HAL_PCDEx_SetTxFiFo
                0x080012ac       0x48 Drivers/STM32L4xx_HAL_Driver/Src/stm32l4xx_hal_pcd_ex.o
                0x080012ac                HAL_PCDEx_SetTxFiFo
 .text.HAL_PCDEx_SetRxFiFo
                0x080012f4        0x8 Drivers/STM32L4xx_HAL_Driver/Src/stm32l4xx_hal_pcd_ex.o
                0x080012f4                HAL_PCDEx_SetRxFiFo
 .text.HAL_PCDEx_ActivateLPM
                0x080012fc       0x26 Drivers/STM32L4xx_HAL_Driver/Src/stm32l4xx_hal_pcd_ex.o
                0x080012fc                HAL_PCDEx_ActivateLPM
 *fill*         0x08001322        0x2 
 .text.HAL_PWREx_GetVoltageRange
                0x08001324       0x30 Drivers/STM32L4xx_HAL_Driver/Src/stm32l4xx_hal_pwr_ex.o
                0x08001324                HAL_PWREx_GetVoltageRange
 .text.HAL_PWREx_ControlVoltageScaling
                0x08001354      0x10c Drivers/STM32L4xx_HAL_Driver/Src/stm32l4xx_hal_pwr_ex.o
                0x08001354                HAL_PWREx_ControlVoltageScaling
 .text.HAL_PWREx_EnableVddUSB
                0x08001460       0x10 Drivers/STM32L4xx_HAL_Driver/Src/stm32l4xx_hal_pwr_ex.o
                0x08001460                HAL_PWREx_EnableVddUSB
 .text.RCC_GetSysClockFreqFromPLLSource
                0x08001470       0x84 Drivers/STM32L4xx_HAL_Driver/Src/stm32l4xx_hal_rcc.o
 .text.RCC_SetFlashLatencyFromMSIRange
                0x080014f4       0x8c Drivers/STM32L4xx_HAL_Driver/Src/stm32l4xx_hal_rcc.o
 .text.HAL_RCC_GetSysClockFreq
                0x08001580       0xb4 Drivers/STM32L4xx_HAL_Driver/Src/stm32l4xx_hal_rcc.o
                0x08001580                HAL_RCC_GetSysClockFreq
 .text.HAL_RCC_OscConfig
                0x08001634      0x63c Drivers/STM32L4xx_HAL_Driver/Src/stm32l4xx_hal_rcc.o
                0x08001634                HAL_RCC_OscConfig
 .text.HAL_RCC_ClockConfig
                0x08001c70      0x1e4 Drivers/STM32L4xx_HAL_Driver/Src/stm32l4xx_hal_rcc.o
                0x08001c70                HAL_RCC_ClockConfig
 .text.HAL_RCC_GetHCLKFreq
                0x08001e54        0xc Drivers/STM32L4xx_HAL_Driver/Src/stm32l4xx_hal_rcc.o
                0x08001e54                HAL_RCC_GetHCLKFreq
 .text.HAL_RCC_GetPCLK1Freq
                0x08001e60       0x24 Drivers/STM32L4xx_HAL_Driver/Src/stm32l4xx_hal_rcc.o
                0x08001e60                HAL_RCC_GetPCLK1Freq
 .text.HAL_RCC_GetPCLK2Freq
                0x08001e84       0x24 Drivers/STM32L4xx_HAL_Driver/Src/stm32l4xx_hal_rcc.o
                0x08001e84                HAL_RCC_GetPCLK2Freq
 .text.RCCEx_PLLSAI2_Config
                0x08001ea8      0x168 Drivers/STM32L4xx_HAL_Driver/Src/stm32l4xx_hal_rcc_ex.o
 .text.RCCEx_PLLSAI1_Config
                0x08002010      0x168 Drivers/STM32L4xx_HAL_Driver/Src/stm32l4xx_hal_rcc_ex.o
 .text.HAL_RCCEx_PeriphCLKConfig
                0x08002178      0x4d0 Drivers/STM32L4xx_HAL_Driver/Src/stm32l4xx_hal_rcc_ex.o
                0x08002178                HAL_RCCEx_PeriphCLKConfig
 .text.HAL_RCCEx_EnableMSIPLLMode
                0x08002648       0x10 Drivers/STM32L4xx_HAL_Driver/Src/stm32l4xx_hal_rcc_ex.o
                0x08002648                HAL_RCCEx_EnableMSIPLLMode
 .text.TIM_OC1_SetConfig
                0x08002658       0x9c Drivers/STM32L4xx_HAL_Driver/Src/stm32l4xx_hal_tim.o
 .text.TIM_OC3_SetConfig
                0x080026f4       0x8c Drivers/STM32L4xx_HAL_Driver/Src/stm32l4xx_hal_tim.o
 .text.TIM_OC4_SetConfig
                0x08002780       0x6c Drivers/STM32L4xx_HAL_Driver/Src/stm32l4xx_hal_tim.o
 .text.TIM_OC5_SetConfig
                0x080027ec       0x68 Drivers/STM32L4xx_HAL_Driver/Src/stm32l4xx_hal_tim.o
 .text.TIM_OC6_SetConfig
                0x08002854       0x6c Drivers/STM32L4xx_HAL_Driver/Src/stm32l4xx_hal_tim.o
 .text.TIM_Base_SetConfig
                0x080028c0       0xc8 Drivers/STM32L4xx_HAL_Driver/Src/stm32l4xx_hal_tim.o
                0x080028c0                TIM_Base_SetConfig
 .text.HAL_TIM_PWM_Init
                0x08002988       0x32 Drivers/STM32L4xx_HAL_Driver/Src/stm32l4xx_hal_tim.o
                0x08002988                HAL_TIM_PWM_Init
 *fill*         0x080029ba        0x2 
 .text.TIM_OC2_SetConfig
                0x080029bc       0x8c Drivers/STM32L4xx_HAL_Driver/Src/stm32l4xx_hal_tim.o
                0x080029bc                TIM_OC2_SetConfig
 .text.HAL_TIM_PWM_ConfigChannel
                0x08002a48      0x134 Drivers/STM32L4xx_HAL_Driver/Src/stm32l4xx_hal_tim.o
                0x08002a48                HAL_TIM_PWM_ConfigChannel
 .text.TIM_CCxChannelCmd
                0x08002b7c       0x22 Drivers/STM32L4xx_HAL_Driver/Src/stm32l4xx_hal_tim.o
                0x08002b7c                TIM_CCxChannelCmd
 *fill*         0x08002b9e        0x2 
 .text.HAL_TIM_PWM_Start
                0x08002ba0       0x64 Drivers/STM32L4xx_HAL_Driver/Src/stm32l4xx_hal_tim.o
                0x08002ba0                HAL_TIM_PWM_Start
 .text.HAL_TIMEx_MasterConfigSynchronization
                0x08002c04       0x64 Drivers/STM32L4xx_HAL_Driver/Src/stm32l4xx_hal_tim_ex.o
                0x08002c04                HAL_TIMEx_MasterConfigSynchronization
 .text.HAL_TIMEx_ConfigBreakDeadTime
                0x08002c68       0x90 Drivers/STM32L4xx_HAL_Driver/Src/stm32l4xx_hal_tim_ex.o
                0x08002c68                HAL_TIMEx_ConfigBreakDeadTime
 .text.UART_EndRxTransfer
                0x08002cf8       0x24 Drivers/STM32L4xx_HAL_Driver/Src/stm32l4xx_hal_uart.o
 .text.HAL_UART_TxCpltCallback
                0x08002d1c        0x2 Drivers/STM32L4xx_HAL_Driver/Src/stm32l4xx_hal_uart.o
                0x08002d1c                HAL_UART_TxCpltCallback
 .text.UART_EndTransmit_IT
                0x08002d1e       0x1c Drivers/STM32L4xx_HAL_Driver/Src/stm32l4xx_hal_uart.o
 .text.HAL_UART_ErrorCallback
                0x08002d3a        0x2 Drivers/STM32L4xx_HAL_Driver/Src/stm32l4xx_hal_uart.o
                0x08002d3a                HAL_UART_ErrorCallback
 .text.HAL_UART_IRQHandler
                0x08002d3c      0x1bc Drivers/STM32L4xx_HAL_Driver/Src/stm32l4xx_hal_uart.o
                0x08002d3c                HAL_UART_IRQHandler
 .text.UART_DMAAbortOnError
                0x08002ef8       0x14 Drivers/STM32L4xx_HAL_Driver/Src/stm32l4xx_hal_uart.o
 *fill*         0x08002f0c        0x4 
 .text.UART_SetConfig
                0x08002f10      0xd50 Drivers/STM32L4xx_HAL_Driver/Src/stm32l4xx_hal_uart.o
                0x08002f10                UART_SetConfig
 .text.UART_AdvFeatureConfig
                0x08003c60       0xca Drivers/STM32L4xx_HAL_Driver/Src/stm32l4xx_hal_uart.o
                0x08003c60                UART_AdvFeatureConfig
 .text.UART_WaitOnFlagUntilTimeout
                0x08003d2a       0x64 Drivers/STM32L4xx_HAL_Driver/Src/stm32l4xx_hal_uart.o
                0x08003d2a                UART_WaitOnFlagUntilTimeout
 .text.HAL_UART_Transmit
                0x08003d8e       0xe0 Drivers/STM32L4xx_HAL_Driver/Src/stm32l4xx_hal_uart.o
                0x08003d8e                HAL_UART_Transmit
 .text.UART_CheckIdleState
                0x08003e6e       0x72 Drivers/STM32L4xx_HAL_Driver/Src/stm32l4xx_hal_uart.o
                0x08003e6e                UART_CheckIdleState
 .text.HAL_UART_Init
                0x08003ee0       0x66 Drivers/STM32L4xx_HAL_Driver/Src/stm32l4xx_hal_uart.o
                0x08003ee0                HAL_UART_Init
 *fill*         0x08003f46        0x2 
 .text.UARTEx_SetNbDataToProcess
                0x08003f48       0x74 Drivers/STM32L4xx_HAL_Driver/Src/stm32l4xx_hal_uart_ex.o
 .text.HAL_UARTEx_WakeupCallback
                0x08003fbc        0x2 Drivers/STM32L4xx_HAL_Driver/Src/stm32l4xx_hal_uart_ex.o
                0x08003fbc                HAL_UARTEx_WakeupCallback
 .text.HAL_UARTEx_RxFifoFullCallback
                0x08003fbe        0x2 Drivers/STM32L4xx_HAL_Driver/Src/stm32l4xx_hal_uart_ex.o
                0x08003fbe                HAL_UARTEx_RxFifoFullCallback
 .text.HAL_UARTEx_TxFifoEmptyCallback
                0x08003fc0        0x2 Drivers/STM32L4xx_HAL_Driver/Src/stm32l4xx_hal_uart_ex.o
                0x08003fc0                HAL_UARTEx_TxFifoEmptyCallback
 .text.HAL_UARTEx_DisableFifoMode
                0x08003fc2       0x3e Drivers/STM32L4xx_HAL_Driver/Src/stm32l4xx_hal_uart_ex.o
                0x08003fc2                HAL_UARTEx_DisableFifoMode
 .text.HAL_UARTEx_SetTxFifoThreshold
                0x08004000       0x4a Drivers/STM32L4xx_HAL_Driver/Src/stm32l4xx_hal_uart_ex.o
                0x08004000                HAL_UARTEx_SetTxFifoThreshold
 .text.HAL_UARTEx_SetRxFifoThreshold
                0x0800404a       0x4a Drivers/STM32L4xx_HAL_Driver/Src/stm32l4xx_hal_uart_ex.o
                0x0800404a                HAL_UARTEx_SetRxFifoThreshold
 .text.USB_CoreReset
                0x08004094       0x3c Drivers/STM32L4xx_HAL_Driver/Src/stm32l4xx_ll_usb.o
 .text.USB_CoreInit
                0x080040d0       0x72 Drivers/STM32L4xx_HAL_Driver/Src/stm32l4xx_ll_usb.o
                0x080040d0                USB_CoreInit
 *fill*         0x08004142        0x2 
 .text.USB_SetTurnaroundTime
                0x08004144       0xec Drivers/STM32L4xx_HAL_Driver/Src/stm32l4xx_ll_usb.o
                0x08004144                USB_SetTurnaroundTime
 .text.USB_EnableGlobalInt
                0x08004230        0xc Drivers/STM32L4xx_HAL_Driver/Src/stm32l4xx_ll_usb.o
                0x08004230                USB_EnableGlobalInt
 .text.USB_DisableGlobalInt
                0x0800423c        0xc Drivers/STM32L4xx_HAL_Driver/Src/stm32l4xx_ll_usb.o
                0x0800423c                USB_DisableGlobalInt
 .text.USB_SetCurrentMode
                0x08004248       0x30 Drivers/STM32L4xx_HAL_Driver/Src/stm32l4xx_ll_usb.o
                0x08004248                USB_SetCurrentMode
 .text.USB_FlushTxFifo
                0x08004278       0x28 Drivers/STM32L4xx_HAL_Driver/Src/stm32l4xx_ll_usb.o
                0x08004278                USB_FlushTxFifo
 .text.USB_FlushRxFifo
                0x080042a0       0x24 Drivers/STM32L4xx_HAL_Driver/Src/stm32l4xx_ll_usb.o
                0x080042a0                USB_FlushRxFifo
 .text.USB_SetDevSpeed
                0x080042c4        0xe Drivers/STM32L4xx_HAL_Driver/Src/stm32l4xx_ll_usb.o
                0x080042c4                USB_SetDevSpeed
 *fill*         0x080042d2        0x2 
 .text.USB_DevInit
                0x080042d4      0x15c Drivers/STM32L4xx_HAL_Driver/Src/stm32l4xx_ll_usb.o
                0x080042d4                USB_DevInit
 .text.USB_GetDevSpeed
                0x08004430       0x1c Drivers/STM32L4xx_HAL_Driver/Src/stm32l4xx_ll_usb.o
                0x08004430                USB_GetDevSpeed
 .text.USB_ActivateEndpoint
                0x0800444c       0x94 Drivers/STM32L4xx_HAL_Driver/Src/stm32l4xx_ll_usb.o
                0x0800444c                USB_ActivateEndpoint
 .text.USB_DeactivateEndpoint
                0x080044e0       0x90 Drivers/STM32L4xx_HAL_Driver/Src/stm32l4xx_ll_usb.o
                0x080044e0                USB_DeactivateEndpoint
 .text.USB_EP0StartXfer
                0x08004570       0xec Drivers/STM32L4xx_HAL_Driver/Src/stm32l4xx_ll_usb.o
                0x08004570                USB_EP0StartXfer
 .text.USB_WritePacket
                0x0800465c       0x24 Drivers/STM32L4xx_HAL_Driver/Src/stm32l4xx_ll_usb.o
                0x0800465c                USB_WritePacket
 .text.USB_EPStartXfer
                0x08004680      0x1a8 Drivers/STM32L4xx_HAL_Driver/Src/stm32l4xx_ll_usb.o
                0x08004680                USB_EPStartXfer
 .text.USB_ReadPacket
                0x08004828       0x28 Drivers/STM32L4xx_HAL_Driver/Src/stm32l4xx_ll_usb.o
                0x08004828                USB_ReadPacket
 .text.USB_EPSetStall
                0x08004850       0x5a Drivers/STM32L4xx_HAL_Driver/Src/stm32l4xx_ll_usb.o
                0x08004850                USB_EPSetStall
 .text.USB_EPClearStall
                0x080048aa       0x5c Drivers/STM32L4xx_HAL_Driver/Src/stm32l4xx_ll_usb.o
                0x080048aa                USB_EPClearStall
 .text.USB_SetDevAddress
                0x08004906       0x20 Drivers/STM32L4xx_HAL_Driver/Src/stm32l4xx_ll_usb.o
                0x08004906                USB_SetDevAddress
 .text.USB_DevConnect
                0x08004926       0x18 Drivers/STM32L4xx_HAL_Driver/Src/stm32l4xx_ll_usb.o
                0x08004926                USB_DevConnect
 .text.USB_DevDisconnect
                0x0800493e       0x18 Drivers/STM32L4xx_HAL_Driver/Src/stm32l4xx_ll_usb.o
                0x0800493e                USB_DevDisconnect
 .text.USB_ReadInterrupts
                0x08004956        0x8 Drivers/STM32L4xx_HAL_Driver/Src/stm32l4xx_ll_usb.o
                0x08004956                USB_ReadInterrupts
 .text.USB_ReadDevAllOutEpInterrupt
                0x0800495e       0x10 Drivers/STM32L4xx_HAL_Driver/Src/stm32l4xx_ll_usb.o
                0x0800495e                USB_ReadDevAllOutEpInterrupt
 .text.USB_ReadDevAllInEpInterrupt
                0x0800496e       0x10 Drivers/STM32L4xx_HAL_Driver/Src/stm32l4xx_ll_usb.o
                0x0800496e                USB_ReadDevAllInEpInterrupt
 .text.USB_ReadDevOutEPInterrupt
                0x0800497e       0x12 Drivers/STM32L4xx_HAL_Driver/Src/stm32l4xx_ll_usb.o
                0x0800497e                USB_ReadDevOutEPInterrupt
 .text.USB_ReadDevInEPInterrupt
                0x08004990       0x28 Drivers/STM32L4xx_HAL_Driver/Src/stm32l4xx_ll_usb.o
                0x08004990                USB_ReadDevInEPInterrupt
 .text.USB_GetMode
                0x080049b8        0x8 Drivers/STM32L4xx_HAL_Driver/Src/stm32l4xx_ll_usb.o
                0x080049b8                USB_GetMode
 .text.USB_ActivateSetup
                0x080049c0       0x38 Drivers/STM32L4xx_HAL_Driver/Src/stm32l4xx_ll_usb.o
                0x080049c0                USB_ActivateSetup
 .text.USB_EP0_OutStart
                0x080049f8       0x44 Drivers/STM32L4xx_HAL_Driver/Src/stm32l4xx_ll_usb.o
                0x080049f8                USB_EP0_OutStart
 .text.USBD_CDC_EP0_RxReady
                0x08004a3c       0x28 Middlewares/ST/STM32_USB_Device_Library/Class/CDC/Src/usbd_cdc.o
 .text.USBD_CDC_GetFSCfgDesc
                0x08004a64        0xc Middlewares/ST/STM32_USB_Device_Library/Class/CDC/Src/usbd_cdc.o
 .text.USBD_CDC_GetHSCfgDesc
                0x08004a70        0xc Middlewares/ST/STM32_USB_Device_Library/Class/CDC/Src/usbd_cdc.o
 .text.USBD_CDC_GetOtherSpeedCfgDesc
                0x08004a7c        0xc Middlewares/ST/STM32_USB_Device_Library/Class/CDC/Src/usbd_cdc.o
 .text.USBD_CDC_GetDeviceQualifierDescriptor
                0x08004a88        0xc Middlewares/ST/STM32_USB_Device_Library/Class/CDC/Src/usbd_cdc.o
                0x08004a88                USBD_CDC_GetDeviceQualifierDescriptor
 .text.USBD_CDC_DataOut
                0x08004a94       0x2e Middlewares/ST/STM32_USB_Device_Library/Class/CDC/Src/usbd_cdc.o
 .text.USBD_CDC_DataIn
                0x08004ac2       0x50 Middlewares/ST/STM32_USB_Device_Library/Class/CDC/Src/usbd_cdc.o
 .text.USBD_CDC_Setup
                0x08004b12       0xda Middlewares/ST/STM32_USB_Device_Library/Class/CDC/Src/usbd_cdc.o
 .text.USBD_CDC_DeInit
                0x08004bec       0x42 Middlewares/ST/STM32_USB_Device_Library/Class/CDC/Src/usbd_cdc.o
 .text.USBD_CDC_Init
                0x08004c2e       0xaa Middlewares/ST/STM32_USB_Device_Library/Class/CDC/Src/usbd_cdc.o
 .text.USBD_CDC_RegisterInterface
                0x08004cd8        0xe Middlewares/ST/STM32_USB_Device_Library/Class/CDC/Src/usbd_cdc.o
                0x08004cd8                USBD_CDC_RegisterInterface
 .text.USBD_CDC_SetTxBuffer
                0x08004ce6       0x10 Middlewares/ST/STM32_USB_Device_Library/Class/CDC/Src/usbd_cdc.o
                0x08004ce6                USBD_CDC_SetTxBuffer
 .text.USBD_CDC_SetRxBuffer
                0x08004cf6        0xc Middlewares/ST/STM32_USB_Device_Library/Class/CDC/Src/usbd_cdc.o
                0x08004cf6                USBD_CDC_SetRxBuffer
 .text.USBD_CDC_TransmitPacket
                0x08004d02       0x34 Middlewares/ST/STM32_USB_Device_Library/Class/CDC/Src/usbd_cdc.o
                0x08004d02                USBD_CDC_TransmitPacket
 .text.USBD_CDC_ReceivePacket
                0x08004d36       0x32 Middlewares/ST/STM32_USB_Device_Library/Class/CDC/Src/usbd_cdc.o
                0x08004d36                USBD_CDC_ReceivePacket
 .text.USBD_Init
                0x08004d68       0x2e Middlewares/ST/STM32_USB_Device_Library/Core/Src/usbd_core.o
                0x08004d68                USBD_Init
 .text.USBD_RegisterClass
                0x08004d96        0xe Middlewares/ST/STM32_USB_Device_Library/Core/Src/usbd_core.o
                0x08004d96                USBD_RegisterClass
 .text.USBD_Start
                0x08004da4        0xa Middlewares/ST/STM32_USB_Device_Library/Core/Src/usbd_core.o
                0x08004da4                USBD_Start
 .text.USBD_SetClassConfig
                0x08004dae       0x1a Middlewares/ST/STM32_USB_Device_Library/Core/Src/usbd_core.o
                0x08004dae                USBD_SetClassConfig
 .text.USBD_ClrClassConfig
                0x08004dc8        0xe Middlewares/ST/STM32_USB_Device_Library/Core/Src/usbd_core.o
                0x08004dc8                USBD_ClrClassConfig
 .text.USBD_LL_SetupStage
                0x08004dd6       0x5a Middlewares/ST/STM32_USB_Device_Library/Core/Src/usbd_core.o
                0x08004dd6                USBD_LL_SetupStage
 .text.USBD_LL_DataOutStage
                0x08004e30       0x92 Middlewares/ST/STM32_USB_Device_Library/Core/Src/usbd_core.o
                0x08004e30                USBD_LL_DataOutStage
 .text.USBD_LL_DataInStage
                0x08004ec2       0xd2 Middlewares/ST/STM32_USB_Device_Library/Core/Src/usbd_core.o
                0x08004ec2                USBD_LL_DataInStage
 .text.USBD_LL_Reset
                0x08004f94       0x50 Middlewares/ST/STM32_USB_Device_Library/Core/Src/usbd_core.o
                0x08004f94                USBD_LL_Reset
 .text.USBD_LL_SetSpeed
                0x08004fe4        0x6 Middlewares/ST/STM32_USB_Device_Library/Core/Src/usbd_core.o
                0x08004fe4                USBD_LL_SetSpeed
 .text.USBD_LL_Suspend
                0x08004fea       0x12 Middlewares/ST/STM32_USB_Device_Library/Core/Src/usbd_core.o
                0x08004fea                USBD_LL_Suspend
 .text.USBD_LL_Resume
                0x08004ffc        0xc Middlewares/ST/STM32_USB_Device_Library/Core/Src/usbd_core.o
                0x08004ffc                USBD_LL_Resume
 .text.USBD_LL_SOF
                0x08005008       0x1c Middlewares/ST/STM32_USB_Device_Library/Core/Src/usbd_core.o
                0x08005008                USBD_LL_SOF
 .text.USBD_LL_IsoINIncomplete
                0x08005024        0x4 Middlewares/ST/STM32_USB_Device_Library/Core/Src/usbd_core.o
                0x08005024                USBD_LL_IsoINIncomplete
 .text.USBD_LL_IsoOUTIncomplete
                0x08005028        0x4 Middlewares/ST/STM32_USB_Device_Library/Core/Src/usbd_core.o
                0x08005028                USBD_LL_IsoOUTIncomplete
 .text.USBD_LL_DevConnected
                0x0800502c        0x4 Middlewares/ST/STM32_USB_Device_Library/Core/Src/usbd_core.o
                0x0800502c                USBD_LL_DevConnected
 .text.USBD_LL_DevDisconnected
                0x08005030       0x16 Middlewares/ST/STM32_USB_Device_Library/Core/Src/usbd_core.o
                0x08005030                USBD_LL_DevDisconnected
 .text.USBD_GetLen
                0x08005046       0x14 Middlewares/ST/STM32_USB_Device_Library/Core/Src/usbd_ctlreq.o
 .text.USBD_SetFeature
                0x0800505a       0x14 Middlewares/ST/STM32_USB_Device_Library/Core/Src/usbd_ctlreq.o
 .text.USBD_ParseSetupRequest
                0x0800506e       0x28 Middlewares/ST/STM32_USB_Device_Library/Core/Src/usbd_ctlreq.o
                0x0800506e                USBD_ParseSetupRequest
 .text.USBD_CtlError
                0x08005096       0x14 Middlewares/ST/STM32_USB_Device_Library/Core/Src/usbd_ctlreq.o
                0x08005096                USBD_CtlError
 .text.USBD_GetDescriptor
                0x080050aa      0x15a Middlewares/ST/STM32_USB_Device_Library/Core/Src/usbd_ctlreq.o
 .text.USBD_SetAddress
                0x08005204       0x4e Middlewares/ST/STM32_USB_Device_Library/Core/Src/usbd_ctlreq.o
 *fill*         0x08005252        0x2 
 .text.USBD_SetConfig
                0x08005254       0xb0 Middlewares/ST/STM32_USB_Device_Library/Core/Src/usbd_ctlreq.o
 .text.USBD_GetConfig
                0x08005304       0x3c Middlewares/ST/STM32_USB_Device_Library/Core/Src/usbd_ctlreq.o
 .text.USBD_GetStatus
                0x08005340       0x38 Middlewares/ST/STM32_USB_Device_Library/Core/Src/usbd_ctlreq.o
 .text.USBD_ClrFeature
                0x08005378       0x26 Middlewares/ST/STM32_USB_Device_Library/Core/Src/usbd_ctlreq.o
 .text.USBD_StdDevReq
                0x0800539e       0x68 Middlewares/ST/STM32_USB_Device_Library/Core/Src/usbd_ctlreq.o
                0x0800539e                USBD_StdDevReq
 .text.USBD_StdItfReq
                0x08005406       0x60 Middlewares/ST/STM32_USB_Device_Library/Core/Src/usbd_ctlreq.o
                0x08005406                USBD_StdItfReq
 .text.USBD_StdEPReq
                0x08005466      0x20a Middlewares/ST/STM32_USB_Device_Library/Core/Src/usbd_ctlreq.o
                0x08005466                USBD_StdEPReq
 .text.USBD_GetString
                0x08005670       0x38 Middlewares/ST/STM32_USB_Device_Library/Core/Src/usbd_ctlreq.o
                0x08005670                USBD_GetString
 .text.USBD_CtlSendData
                0x080056a8       0x1a Middlewares/ST/STM32_USB_Device_Library/Core/Src/usbd_ioreq.o
                0x080056a8                USBD_CtlSendData
 .text.USBD_CtlContinueSendData
                0x080056c2       0x10 Middlewares/ST/STM32_USB_Device_Library/Core/Src/usbd_ioreq.o
                0x080056c2                USBD_CtlContinueSendData
 .text.USBD_CtlPrepareRx
                0x080056d2       0x1e Middlewares/ST/STM32_USB_Device_Library/Core/Src/usbd_ioreq.o
                0x080056d2                USBD_CtlPrepareRx
 .text.USBD_CtlContinueRx
                0x080056f0       0x10 Middlewares/ST/STM32_USB_Device_Library/Core/Src/usbd_ioreq.o
                0x080056f0                USBD_CtlContinueRx
 .text.USBD_CtlSendStatus
                0x08005700       0x16 Middlewares/ST/STM32_USB_Device_Library/Core/Src/usbd_ioreq.o
                0x08005700                USBD_CtlSendStatus
 .text.USBD_CtlReceiveStatus
                0x08005716       0x16 Middlewares/ST/STM32_USB_Device_Library/Core/Src/usbd_ioreq.o
                0x08005716                USBD_CtlReceiveStatus
 .text.MX_GPIO_Init
                0x0800572c       0xc0 Src/gpio.o
                0x0800572c                MX_GPIO_Init
 .text.SystemClock_Config
                0x080057ec       0x96 Src/main.o
                0x080057ec                SystemClock_Config
 *fill*         0x08005882        0x2 
 .text.main     0x08005884       0x50 Src/main.o
                0x08005884                main
 .text.Error_Handler
                0x080058d4        0x2 Src/main.o
                0x080058d4                Error_Handler
 *fill*         0x080058d6        0x2 
 .text.HAL_MspInit
                0x080058d8       0x30 Src/stm32l4xx_hal_msp.o
                0x080058d8                HAL_MspInit
 .text.NMI_Handler
                0x08005908        0x2 Src/stm32l4xx_it.o
                0x08005908                NMI_Handler
 .text.HardFault_Handler
                0x0800590a        0x2 Src/stm32l4xx_it.o
                0x0800590a                HardFault_Handler
 .text.MemManage_Handler
                0x0800590c        0x2 Src/stm32l4xx_it.o
                0x0800590c                MemManage_Handler
 .text.BusFault_Handler
                0x0800590e        0x2 Src/stm32l4xx_it.o
                0x0800590e                BusFault_Handler
 .text.UsageFault_Handler
                0x08005910        0x2 Src/stm32l4xx_it.o
                0x08005910                UsageFault_Handler
 .text.SVC_Handler
                0x08005912        0x2 Src/stm32l4xx_it.o
                0x08005912                SVC_Handler
 .text.DebugMon_Handler
                0x08005914        0x2 Src/stm32l4xx_it.o
                0x08005914                DebugMon_Handler
 .text.PendSV_Handler
                0x08005916        0x2 Src/stm32l4xx_it.o
                0x08005916                PendSV_Handler
 .text.SysTick_Handler
                0x08005918        0x8 Src/stm32l4xx_it.o
                0x08005918                SysTick_Handler
 .text.USART1_IRQHandler
                0x08005920       0x10 Src/stm32l4xx_it.o
                0x08005920                USART1_IRQHandler
 .text.OTG_FS_IRQHandler
                0x08005930       0x10 Src/stm32l4xx_it.o
                0x08005930                OTG_FS_IRQHandler
 .text.SystemInit
                0x08005940       0x48 Src/system_stm32l4xx.o
                0x08005940                SystemInit
 .text.HAL_TIM_PWM_MspInit
                0x08005988       0x2c Src/tim.o
                0x08005988                HAL_TIM_PWM_MspInit
 .text.HAL_TIM_MspPostInit
                0x080059b4       0x54 Src/tim.o
                0x080059b4                HAL_TIM_MspPostInit
 .text.MX_TIM1_Init
                0x08005a08       0xdc Src/tim.o
                0x08005a08                MX_TIM1_Init
 .text.MX_USART1_UART_Init
                0x08005ae4       0x68 Src/usart.o
                0x08005ae4                MX_USART1_UART_Init
 .text.HAL_UART_MspInit
                0x08005b4c       0x78 Src/usart.o
                0x08005b4c                HAL_UART_MspInit
 .text.MX_USB_DEVICE_Init
                0x08005bc4       0x54 Src/usb_device.o
                0x08005bc4                MX_USB_DEVICE_Init
 .text.CDC_DeInit_FS
                0x08005c18        0x4 Src/usbd_cdc_if.o
 .text.CDC_Control_FS
                0x08005c1c        0x4 Src/usbd_cdc_if.o
 .text.CDC_Receive_FS
                0x08005c20      0x468 Src/usbd_cdc_if.o
 .text.CDC_Init_FS
                0x08006088       0x28 Src/usbd_cdc_if.o
 .text.CDC_Transmit_FS
                0x080060b0       0x3c Src/usbd_cdc_if.o
                0x080060b0                CDC_Transmit_FS
 .text.SystemClockConfig_Resume
                0x080060ec        0x8 Src/usbd_conf.o
 .text.HAL_PCD_MspInit
                0x080060f4       0xa0 Src/usbd_conf.o
                0x080060f4                HAL_PCD_MspInit
 .text.HAL_PCD_SetupStageCallback
                0x08006194       0x10 Src/usbd_conf.o
                0x08006194                HAL_PCD_SetupStageCallback
 .text.HAL_PCD_DataOutStageCallback
                0x080061a4       0x18 Src/usbd_conf.o
                0x080061a4                HAL_PCD_DataOutStageCallback
 .text.HAL_PCD_DataInStageCallback
                0x080061bc       0x16 Src/usbd_conf.o
                0x080061bc                HAL_PCD_DataInStageCallback
 .text.HAL_PCD_SOFCallback
                0x080061d2        0xc Src/usbd_conf.o
                0x080061d2                HAL_PCD_SOFCallback
 .text.HAL_PCD_ResetCallback
                0x080061de       0x22 Src/usbd_conf.o
                0x080061de                HAL_PCD_ResetCallback
 .text.HAL_PCD_SuspendCallback
                0x08006200       0x30 Src/usbd_conf.o
                0x08006200                HAL_PCD_SuspendCallback
 .text.HAL_PCD_ResumeCallback
                0x08006230       0x34 Src/usbd_conf.o
                0x08006230                HAL_PCD_ResumeCallback
 .text.HAL_PCD_ISOOUTIncompleteCallback
                0x08006264        0xc Src/usbd_conf.o
                0x08006264                HAL_PCD_ISOOUTIncompleteCallback
 .text.HAL_PCD_ISOINIncompleteCallback
                0x08006270        0xc Src/usbd_conf.o
                0x08006270                HAL_PCD_ISOINIncompleteCallback
 .text.HAL_PCD_ConnectCallback
                0x0800627c        0xc Src/usbd_conf.o
                0x0800627c                HAL_PCD_ConnectCallback
 .text.HAL_PCD_DisconnectCallback
                0x08006288        0xc Src/usbd_conf.o
                0x08006288                HAL_PCD_DisconnectCallback
 .text.USBD_LL_Init
                0x08006294       0x64 Src/usbd_conf.o
                0x08006294                USBD_LL_Init
 .text.USBD_LL_Start
                0x080062f8       0x1c Src/usbd_conf.o
                0x080062f8                USBD_LL_Start
 .text.USBD_LL_OpenEP
                0x08006314       0x22 Src/usbd_conf.o
                0x08006314                USBD_LL_OpenEP
 .text.USBD_LL_CloseEP
                0x08006336       0x1c Src/usbd_conf.o
                0x08006336                USBD_LL_CloseEP
 .text.USBD_LL_StallEP
                0x08006352       0x1c Src/usbd_conf.o
                0x08006352                USBD_LL_StallEP
 .text.USBD_LL_ClearStallEP
                0x0800636e       0x1c Src/usbd_conf.o
                0x0800636e                USBD_LL_ClearStallEP
 .text.USBD_LL_IsStallEP
                0x0800638a       0x2e Src/usbd_conf.o
                0x0800638a                USBD_LL_IsStallEP
 .text.USBD_LL_SetUSBAddress
                0x080063b8       0x1c Src/usbd_conf.o
                0x080063b8                USBD_LL_SetUSBAddress
 .text.USBD_LL_Transmit
                0x080063d4       0x1c Src/usbd_conf.o
                0x080063d4                USBD_LL_Transmit
 .text.USBD_LL_PrepareReceive
                0x080063f0       0x1c Src/usbd_conf.o
                0x080063f0                USBD_LL_PrepareReceive
 .text.USBD_LL_GetRxDataSize
                0x0800640c        0xc Src/usbd_conf.o
                0x0800640c                USBD_LL_GetRxDataSize
 .text.HAL_PCDEx_LPM_Callback
                0x08006418       0x64 Src/usbd_conf.o
                0x08006418                HAL_PCDEx_LPM_Callback
 .text.USBD_static_malloc
                0x0800647c        0x8 Src/usbd_conf.o
                0x0800647c                USBD_static_malloc
 .text.USBD_static_free
                0x08006484        0x2 Src/usbd_conf.o
                0x08006484                USBD_static_free
 *fill*         0x08006486        0x2 
 .text.USBD_FS_DeviceDescriptor
                0x08006488        0xc Src/usbd_desc.o
                0x08006488                USBD_FS_DeviceDescriptor
 .text.USBD_FS_LangIDStrDescriptor
                0x08006494        0xc Src/usbd_desc.o
                0x08006494                USBD_FS_LangIDStrDescriptor
 .text.USBD_FS_USR_BOSDescriptor
                0x080064a0        0xc Src/usbd_desc.o
                0x080064a0                USBD_FS_USR_BOSDescriptor
 .text.IntToUnicode
                0x080064ac       0x36 Src/usbd_desc.o
 *fill*         0x080064e2        0x2 
 .text.Get_SerialNum
                0x080064e4       0x38 Src/usbd_desc.o
 .text.USBD_FS_SerialStrDescriptor
                0x0800651c       0x14 Src/usbd_desc.o
                0x0800651c                USBD_FS_SerialStrDescriptor
 .text.USBD_FS_ProductStrDescriptor
                0x08006530       0x24 Src/usbd_desc.o
                0x08006530                USBD_FS_ProductStrDescriptor
 .text.USBD_FS_ManufacturerStrDescriptor
                0x08006554       0x1c Src/usbd_desc.o
                0x08006554                USBD_FS_ManufacturerStrDescriptor
 .text.USBD_FS_ConfigStrDescriptor
                0x08006570       0x24 Src/usbd_desc.o
                0x08006570                USBD_FS_ConfigStrDescriptor
 .text.USBD_FS_InterfaceStrDescriptor
                0x08006594       0x24 Src/usbd_desc.o
                0x08006594                USBD_FS_InterfaceStrDescriptor
 .text.Reset_Handler
                0x080065b8       0x50 startup/startup_stm32l4r5xx.o
                0x080065b8                Reset_Handler
 .text.Default_Handler
                0x08006608        0x2 startup/startup_stm32l4r5xx.o
                0x08006608                RTC_Alarm_IRQHandler
                0x08006608                EXTI2_IRQHandler
                0x08006608                TIM8_TRG_COM_IRQHandler
                0x08006608                TIM8_CC_IRQHandler
                0x08006608                TIM1_CC_IRQHandler
                0x08006608                TSC_IRQHandler
                0x08006608                TAMP_STAMP_IRQHandler
                0x08006608                EXTI3_IRQHandler
                0x08006608                LPTIM2_IRQHandler
                0x08006608                DFSDM1_FLT1_IRQHandler
                0x08006608                GFXMMU_IRQHandler
                0x08006608                I2C3_ER_IRQHandler
                0x08006608                DFSDM1_FLT2_IRQHandler
                0x08006608                EXTI0_IRQHandler
                0x08006608                I2C2_EV_IRQHandler
                0x08006608                CAN1_RX0_IRQHandler
                0x08006608                FPU_IRQHandler
                0x08006608                TIM1_UP_TIM16_IRQHandler
                0x08006608                LTDC_ER_IRQHandler
                0x08006608                SPI1_IRQHandler
                0x08006608                OCTOSPI1_IRQHandler
                0x08006608                TIM6_DAC_IRQHandler
                0x08006608                DCMI_IRQHandler
                0x08006608                TIM8_UP_IRQHandler
                0x08006608                OCTOSPI2_IRQHandler
                0x08006608                DMA2_Channel2_IRQHandler
                0x08006608                DMA1_Channel4_IRQHandler
                0x08006608                SAI2_IRQHandler
                0x08006608                ADC1_IRQHandler
                0x08006608                DFSDM1_FLT3_IRQHandler
                0x08006608                USART3_IRQHandler
                0x08006608                DMA1_Channel7_IRQHandler
                0x08006608                CAN1_RX1_IRQHandler
                0x08006608                UART5_IRQHandler
                0x08006608                TIM4_IRQHandler
                0x08006608                DMA2_Channel1_IRQHandler
                0x08006608                I2C1_EV_IRQHandler
                0x08006608                DMAMUX1_OVR_IRQHandler
                0x08006608                DMA1_Channel6_IRQHandler
                0x08006608                UART4_IRQHandler
                0x08006608                DMA2_Channel4_IRQHandler
                0x08006608                TIM3_IRQHandler
                0x08006608                RCC_IRQHandler
                0x08006608                DMA1_Channel1_IRQHandler
                0x08006608                Default_Handler
                0x08006608                DMA2_Channel7_IRQHandler
                0x08006608                EXTI15_10_IRQHandler
                0x08006608                TIM7_IRQHandler
                0x08006608                SDMMC1_IRQHandler
                0x08006608                TIM5_IRQHandler
                0x08006608                I2C3_EV_IRQHandler
                0x08006608                EXTI9_5_IRQHandler
                0x08006608                RTC_WKUP_IRQHandler
                0x08006608                LTDC_IRQHandler
                0x08006608                PVD_PVM_IRQHandler
                0x08006608                SPI2_IRQHandler
                0x08006608                CAN1_TX_IRQHandler
                0x08006608                DMA2_Channel5_IRQHandler
                0x08006608                CRS_IRQHandler
                0x08006608                DMA1_Channel5_IRQHandler
                0x08006608                EXTI4_IRQHandler
                0x08006608                RNG_IRQHandler
                0x08006608                TIM1_TRG_COM_TIM17_IRQHandler
                0x08006608                DMA1_Channel3_IRQHandler
                0x08006608                COMP_IRQHandler
                0x08006608                WWDG_IRQHandler
                0x08006608                I2C4_EV_IRQHandler
                0x08006608                LPUART1_IRQHandler
                0x08006608                DMA2_Channel6_IRQHandler
                0x08006608                TIM2_IRQHandler
                0x08006608                DMA2D_IRQHandler
                0x08006608                EXTI1_IRQHandler
                0x08006608                USART2_IRQHandler
                0x08006608                DFSDM1_FLT0_IRQHandler
                0x08006608                I2C2_ER_IRQHandler
                0x08006608                DMA1_Channel2_IRQHandler
                0x08006608                TIM8_BRK_IRQHandler
                0x08006608                CAN1_SCE_IRQHandler
                0x08006608                FLASH_IRQHandler
                0x08006608                SPI3_IRQHandler
                0x08006608                I2C1_ER_IRQHandler
                0x08006608                FMC_IRQHandler
                0x08006608                LPTIM1_IRQHandler
                0x08006608                I2C4_ER_IRQHandler
                0x08006608                SAI1_IRQHandler
                0x08006608                DMA2_Channel3_IRQHandler
                0x08006608                TIM1_BRK_TIM15_IRQHandler
 *fill*         0x0800660a        0x2 
 .text.__libc_init_array
                0x0800660c       0x48 c:/ac6/systemworkbench/plugins/fr.ac6.mcu.externaltools.arm-none.win32_1.17.0.201812190825/tools/compiler/bin/../lib/gcc/arm-none-eabi/7.3.1/../../../../arm-none-eabi/lib/thumb/v7e-m/fpv4-sp/hard\libc_nano.a(lib_a-init.o)
                0x0800660c                __libc_init_array
 .text.memcpy   0x08006654       0x16 c:/ac6/systemworkbench/plugins/fr.ac6.mcu.externaltools.arm-none.win32_1.17.0.201812190825/tools/compiler/bin/../lib/gcc/arm-none-eabi/7.3.1/../../../../arm-none-eabi/lib/thumb/v7e-m/fpv4-sp/hard\libc_nano.a(lib_a-memcpy-stub.o)
                0x08006654                memcpy
 .text.memset   0x0800666a       0x10 c:/ac6/systemworkbench/plugins/fr.ac6.mcu.externaltools.arm-none.win32_1.17.0.201812190825/tools/compiler/bin/../lib/gcc/arm-none-eabi/7.3.1/../../../../arm-none-eabi/lib/thumb/v7e-m/fpv4-sp/hard\libc_nano.a(lib_a-memset.o)
                0x0800666a                memset
 *(.glue_7)
 .glue_7        0x0800667a        0x0 linker stubs
 *(.glue_7t)
 .glue_7t       0x0800667a        0x0 linker stubs
 *(.eh_frame)
 *fill*         0x0800667a        0x2 
 .eh_frame      0x0800667c        0x0 c:/ac6/systemworkbench/plugins/fr.ac6.mcu.externaltools.arm-none.win32_1.17.0.201812190825/tools/compiler/bin/../lib/gcc/arm-none-eabi/7.3.1/thumb/v7e-m/fpv4-sp/hard/crtbegin.o
 *(.init)
 .init          0x0800667c        0x4 c:/ac6/systemworkbench/plugins/fr.ac6.mcu.externaltools.arm-none.win32_1.17.0.201812190825/tools/compiler/bin/../lib/gcc/arm-none-eabi/7.3.1/thumb/v7e-m/fpv4-sp/hard/crti.o
                0x0800667c                _init
 .init          0x08006680        0x8 c:/ac6/systemworkbench/plugins/fr.ac6.mcu.externaltools.arm-none.win32_1.17.0.201812190825/tools/compiler/bin/../lib/gcc/arm-none-eabi/7.3.1/thumb/v7e-m/fpv4-sp/hard/crtn.o
 *(.fini)
 .fini          0x08006688        0x4 c:/ac6/systemworkbench/plugins/fr.ac6.mcu.externaltools.arm-none.win32_1.17.0.201812190825/tools/compiler/bin/../lib/gcc/arm-none-eabi/7.3.1/thumb/v7e-m/fpv4-sp/hard/crti.o
                0x08006688                _fini
 .fini          0x0800668c        0x8 c:/ac6/systemworkbench/plugins/fr.ac6.mcu.externaltools.arm-none.win32_1.17.0.201812190825/tools/compiler/bin/../lib/gcc/arm-none-eabi/7.3.1/thumb/v7e-m/fpv4-sp/hard/crtn.o
                0x08006698                . = ALIGN (0x8)
 *fill*         0x08006694        0x4 
                0x08006698                _etext = .

.vfp11_veneer   0x08006698        0x0
 .vfp11_veneer  0x08006698        0x0 linker stubs

.v4_bx          0x08006698        0x0
 .v4_bx         0x08006698        0x0 linker stubs

.iplt           0x08006698        0x0
 .iplt          0x08006698        0x0 c:/ac6/systemworkbench/plugins/fr.ac6.mcu.externaltools.arm-none.win32_1.17.0.201812190825/tools/compiler/bin/../lib/gcc/arm-none-eabi/7.3.1/thumb/v7e-m/fpv4-sp/hard/crtbegin.o

.rodata         0x08006698       0xa8
                0x08006698                . = ALIGN (0x8)
 *(.rodata)
 .rodata        0x08006698       0x10 Drivers/STM32L4xx_HAL_Driver/Src/stm32l4xx_hal_uart_ex.o
 .rodata        0x080066a8       0x48 Src/system_stm32l4xx.o
                0x080066a8                MSIRangeTable
                0x080066d8                AHBPrescTable
                0x080066e8                APBPrescTable
 *(.rodata*)
 .rodata.str1.4
                0x080066f0       0x10 Src/main.o
 .rodata.str1.4
                0x08006700       0x3c Src/usbd_desc.o
                                 0x3a (size before relaxing)
                0x08006740                . = ALIGN (0x8)
 *fill*         0x0800673c        0x4 

.ARM.extab      0x08006740        0x0
                0x08006740                . = ALIGN (0x8)
 *(.ARM.extab* .gnu.linkonce.armextab.*)
                0x08006740                . = ALIGN (0x8)

.ARM            0x08006740        0x8
                0x08006740                . = ALIGN (0x8)
                0x08006740                __exidx_start = .
 *(.ARM.exidx*)
 .ARM.exidx     0x08006740        0x8 c:/ac6/systemworkbench/plugins/fr.ac6.mcu.externaltools.arm-none.win32_1.17.0.201812190825/tools/compiler/bin/../lib/gcc/arm-none-eabi/7.3.1/thumb/v7e-m/fpv4-sp/hard\libgcc.a(_udivmoddi4.o)
                0x08006748                __exidx_end = .
                0x08006748                . = ALIGN (0x8)

.rel.dyn        0x08006748        0x0
 .rel.iplt      0x08006748        0x0 c:/ac6/systemworkbench/plugins/fr.ac6.mcu.externaltools.arm-none.win32_1.17.0.201812190825/tools/compiler/bin/../lib/gcc/arm-none-eabi/7.3.1/thumb/v7e-m/fpv4-sp/hard/crtbegin.o

.preinit_array  0x08006748        0x0
                0x08006748                . = ALIGN (0x8)
                0x08006748                PROVIDE (__preinit_array_start = .)
 *(.preinit_array*)
                0x08006748                PROVIDE (__preinit_array_end = .)
                0x08006748                . = ALIGN (0x8)

.init_array     0x08006748        0x8
                0x08006748                . = ALIGN (0x8)
                0x08006748                PROVIDE (__init_array_start = .)
 *(SORT_BY_NAME(.init_array.*))
 *(.init_array*)
 .init_array    0x08006748        0x4 c:/ac6/systemworkbench/plugins/fr.ac6.mcu.externaltools.arm-none.win32_1.17.0.201812190825/tools/compiler/bin/../lib/gcc/arm-none-eabi/7.3.1/thumb/v7e-m/fpv4-sp/hard/crtbegin.o
                0x0800674c                PROVIDE (__init_array_end = .)
                0x08006750                . = ALIGN (0x8)
 *fill*         0x0800674c        0x4 

.fini_array     0x08006750        0x8
                0x08006750                . = ALIGN (0x8)
                [!provide]                PROVIDE (__fini_array_start = .)
 *(SORT_BY_NAME(.fini_array.*))
 *(.fini_array*)
 .fini_array    0x08006750        0x4 c:/ac6/systemworkbench/plugins/fr.ac6.mcu.externaltools.arm-none.win32_1.17.0.201812190825/tools/compiler/bin/../lib/gcc/arm-none-eabi/7.3.1/thumb/v7e-m/fpv4-sp/hard/crtbegin.o
                [!provide]                PROVIDE (__fini_array_end = .)
                0x08006758                . = ALIGN (0x8)
 *fill*         0x08006754        0x4 
                0x08006758                _sidata = LOADADDR (.data)

.data           0x20000000      0x190 load address 0x08006758
                0x20000000                . = ALIGN (0x8)
                0x20000000                _sdata = .
 *(.data)
 .data          0x20000000        0x8 Drivers/STM32L4xx_HAL_Driver/Src/stm32l4xx_hal.o
                0x20000000                uwTickFreq
                0x20000004                uwTickPrio
 .data          0x20000008      0x110 Middlewares/ST/STM32_USB_Device_Library/Class/CDC/Src/usbd_cdc.o
                0x20000008                USBD_CDC_CfgFSDesc
                0x2000004c                USBD_CDC_CfgHSDesc
                0x20000090                USBD_CDC_OtherSpeedCfgDesc
                0x200000e0                USBD_CDC
 .data          0x20000118        0x4 Src/main.o
                0x20000118                buff
 .data          0x2000011c        0x4 Src/system_stm32l4xx.o
                0x2000011c                SystemCoreClock
 .data          0x20000120       0x10 Src/usbd_cdc_if.o
                0x20000120                USBD_Interface_fops_FS
 .data          0x20000130       0x60 Src/usbd_desc.o
                0x20000130                USBD_FS_DeviceDesc
                0x20000144                USBD_LangIDDesc
                0x20000148                USBD_FS_BOSDesc
                0x20000154                USBD_StringSerial
                0x20000170                FS_Desc
 *(.data*)
                0x20000190                . = ALIGN (0x8)
                0x20000190                _edata = .

.igot.plt       0x20000190        0x0 load address 0x080068e8
 .igot.plt      0x20000190        0x0 c:/ac6/systemworkbench/plugins/fr.ac6.mcu.externaltools.arm-none.win32_1.17.0.201812190825/tools/compiler/bin/../lib/gcc/arm-none-eabi/7.3.1/thumb/v7e-m/fpv4-sp/hard/crtbegin.o
                0x20000190                . = ALIGN (0x4)

.bss            0x20000190     0x1bf8 load address 0x080068e8
                0x20000190                _sbss = .
                0x20000190                __bss_start__ = _sbss
 *(.bss)
 .bss           0x20000190       0x1c c:/ac6/systemworkbench/plugins/fr.ac6.mcu.externaltools.arm-none.win32_1.17.0.201812190825/tools/compiler/bin/../lib/gcc/arm-none-eabi/7.3.1/thumb/v7e-m/fpv4-sp/hard/crtbegin.o
 .bss           0x200001ac        0x1 Middlewares/ST/STM32_USB_Device_Library/Core/Src/usbd_ctlreq.o
 *fill*         0x200001ad        0x3 
 .bss           0x200001b0       0x40 Src/main.o
                0x200001b0                receiver_data
 .bss           0x200001f0        0x2 Src/usbd_cdc_if.o
                0x200001f0                datasize
                0x200001f1                _index
 *fill*         0x200001f2        0x2 
 .bss           0x200001f4      0x220 Src/usbd_conf.o
 *(.bss*)
 *(COMMON)
 COMMON         0x20000414        0x4 Drivers/STM32L4xx_HAL_Driver/Src/stm32l4xx_hal.o
                0x20000414                uwTick
 COMMON         0x20000418       0x40 Src/tim.o
                0x20000418                htim1
 COMMON         0x20000458       0x8c Src/usart.o
                0x20000458                huart1
 COMMON         0x200004e4      0x29c Src/usb_device.o
                0x200004e4                hUsbDeviceFS
 COMMON         0x20000780     0x1000 Src/usbd_cdc_if.o
                0x20000780                UserRxBufferFS
                0x20000f80                UserTxBufferFS
 COMMON         0x20001780      0x408 Src/usbd_conf.o
                0x20001780                hpcd_USB_OTG_FS
 COMMON         0x20001b88      0x200 Src/usbd_desc.o
                0x20001b88                USBD_StrDesc
                0x20001d88                . = ALIGN (0x4)
                0x20001d88                _ebss = .
                0x20001d88                __bss_end__ = _ebss

._user_heap_stack
                0x20001d88      0x600 load address 0x080068e8
                0x20001d88                . = ALIGN (0x8)
                0x20001d88                PROVIDE (end = .)
                [!provide]                PROVIDE (_end = .)
                0x20001f88                . = (. + _Min_Heap_Size)
 *fill*         0x20001d88      0x200 
                0x20002388                . = (. + _Min_Stack_Size)
 *fill*         0x20001f88      0x400 
                0x20002388                . = ALIGN (0x8)

/DISCARD/
 libc.a(*)
 libm.a(*)
 libgcc.a(*)

.ARM.attributes
                0x00000000       0x30
 *(.ARM.attributes)
 .ARM.attributes
                0x00000000       0x22 c:/ac6/systemworkbench/plugins/fr.ac6.mcu.externaltools.arm-none.win32_1.17.0.201812190825/tools/compiler/bin/../lib/gcc/arm-none-eabi/7.3.1/thumb/v7e-m/fpv4-sp/hard/crti.o
 .ARM.attributes
                0x00000022       0x34 c:/ac6/systemworkbench/plugins/fr.ac6.mcu.externaltools.arm-none.win32_1.17.0.201812190825/tools/compiler/bin/../lib/gcc/arm-none-eabi/7.3.1/thumb/v7e-m/fpv4-sp/hard/crtbegin.o
 .ARM.attributes
                0x00000056       0x39 Drivers/STM32L4xx_HAL_Driver/Src/stm32l4xx_hal.o
 .ARM.attributes
                0x0000008f       0x39 Drivers/STM32L4xx_HAL_Driver/Src/stm32l4xx_hal_cortex.o
 .ARM.attributes
                0x000000c8       0x39 Drivers/STM32L4xx_HAL_Driver/Src/stm32l4xx_hal_dma.o
 .ARM.attributes
                0x00000101       0x39 Drivers/STM32L4xx_HAL_Driver/Src/stm32l4xx_hal_gpio.o
 .ARM.attributes
                0x0000013a       0x39 Drivers/STM32L4xx_HAL_Driver/Src/stm32l4xx_hal_pcd.o
 .ARM.attributes
                0x00000173       0x39 Drivers/STM32L4xx_HAL_Driver/Src/stm32l4xx_hal_pcd_ex.o
 .ARM.attributes
                0x000001ac       0x39 Drivers/STM32L4xx_HAL_Driver/Src/stm32l4xx_hal_pwr_ex.o
 .ARM.attributes
                0x000001e5       0x39 Drivers/STM32L4xx_HAL_Driver/Src/stm32l4xx_hal_rcc.o
 .ARM.attributes
                0x0000021e       0x39 Drivers/STM32L4xx_HAL_Driver/Src/stm32l4xx_hal_rcc_ex.o
 .ARM.attributes
                0x00000257       0x39 Drivers/STM32L4xx_HAL_Driver/Src/stm32l4xx_hal_tim.o
 .ARM.attributes
                0x00000290       0x39 Drivers/STM32L4xx_HAL_Driver/Src/stm32l4xx_hal_tim_ex.o
 .ARM.attributes
                0x000002c9       0x39 Drivers/STM32L4xx_HAL_Driver/Src/stm32l4xx_hal_uart.o
 .ARM.attributes
                0x00000302       0x39 Drivers/STM32L4xx_HAL_Driver/Src/stm32l4xx_hal_uart_ex.o
 .ARM.attributes
                0x0000033b       0x39 Drivers/STM32L4xx_HAL_Driver/Src/stm32l4xx_ll_usb.o
 .ARM.attributes
                0x00000374       0x39 Middlewares/ST/STM32_USB_Device_Library/Class/CDC/Src/usbd_cdc.o
 .ARM.attributes
                0x000003ad       0x39 Middlewares/ST/STM32_USB_Device_Library/Core/Src/usbd_core.o
 .ARM.attributes
                0x000003e6       0x39 Middlewares/ST/STM32_USB_Device_Library/Core/Src/usbd_ctlreq.o
 .ARM.attributes
                0x0000041f       0x39 Middlewares/ST/STM32_USB_Device_Library/Core/Src/usbd_ioreq.o
 .ARM.attributes
                0x00000458       0x39 Src/gpio.o
 .ARM.attributes
                0x00000491       0x39 Src/main.o
 .ARM.attributes
                0x000004ca       0x39 Src/stm32l4xx_hal_msp.o
 .ARM.attributes
                0x00000503       0x39 Src/stm32l4xx_it.o
 .ARM.attributes
                0x0000053c       0x39 Src/system_stm32l4xx.o
 .ARM.attributes
                0x00000575       0x39 Src/tim.o
 .ARM.attributes
                0x000005ae       0x39 Src/usart.o
 .ARM.attributes
                0x000005e7       0x39 Src/usb_device.o
 .ARM.attributes
                0x00000620       0x39 Src/usbd_cdc_if.o
 .ARM.attributes
                0x00000659       0x39 Src/usbd_conf.o
 .ARM.attributes
                0x00000692       0x39 Src/usbd_desc.o
 .ARM.attributes
                0x000006cb       0x21 startup/startup_stm32l4r5xx.o
 .ARM.attributes
                0x000006ec       0x22 c:/ac6/systemworkbench/plugins/fr.ac6.mcu.externaltools.arm-none.win32_1.17.0.201812190825/tools/compiler/bin/../lib/gcc/arm-none-eabi/7.3.1/thumb/v7e-m/fpv4-sp/hard\libgcc.a(_aeabi_uldivmod.o)
 .ARM.attributes
                0x0000070e       0x34 c:/ac6/systemworkbench/plugins/fr.ac6.mcu.externaltools.arm-none.win32_1.17.0.201812190825/tools/compiler/bin/../lib/gcc/arm-none-eabi/7.3.1/thumb/v7e-m/fpv4-sp/hard\libgcc.a(_udivmoddi4.o)
 .ARM.attributes
                0x00000742       0x22 c:/ac6/systemworkbench/plugins/fr.ac6.mcu.externaltools.arm-none.win32_1.17.0.201812190825/tools/compiler/bin/../lib/gcc/arm-none-eabi/7.3.1/thumb/v7e-m/fpv4-sp/hard\libgcc.a(_dvmd_tls.o)
 .ARM.attributes
                0x00000764       0x34 c:/ac6/systemworkbench/plugins/fr.ac6.mcu.externaltools.arm-none.win32_1.17.0.201812190825/tools/compiler/bin/../lib/gcc/arm-none-eabi/7.3.1/../../../../arm-none-eabi/lib/thumb/v7e-m/fpv4-sp/hard\libc_nano.a(lib_a-init.o)
 .ARM.attributes
                0x00000798       0x34 c:/ac6/systemworkbench/plugins/fr.ac6.mcu.externaltools.arm-none.win32_1.17.0.201812190825/tools/compiler/bin/../lib/gcc/arm-none-eabi/7.3.1/../../../../arm-none-eabi/lib/thumb/v7e-m/fpv4-sp/hard\libc_nano.a(lib_a-memcpy-stub.o)
 .ARM.attributes
                0x000007cc       0x34 c:/ac6/systemworkbench/plugins/fr.ac6.mcu.externaltools.arm-none.win32_1.17.0.201812190825/tools/compiler/bin/../lib/gcc/arm-none-eabi/7.3.1/../../../../arm-none-eabi/lib/thumb/v7e-m/fpv4-sp/hard\libc_nano.a(lib_a-memset.o)
 .ARM.attributes
                0x00000800       0x1b c:/ac6/systemworkbench/plugins/fr.ac6.mcu.externaltools.arm-none.win32_1.17.0.201812190825/tools/compiler/bin/../lib/gcc/arm-none-eabi/7.3.1/../../../../arm-none-eabi/lib/thumb/v7e-m/fpv4-sp/hard\libc_nano.a(lib_a-strlen.o)
 .ARM.attributes
                0x0000081b       0x22 c:/ac6/systemworkbench/plugins/fr.ac6.mcu.externaltools.arm-none.win32_1.17.0.201812190825/tools/compiler/bin/../lib/gcc/arm-none-eabi/7.3.1/thumb/v7e-m/fpv4-sp/hard/crtn.o
OUTPUT(USB_CDC.elf elf32-littlearm)

.debug_info     0x00000000    0x244c7
 .debug_info    0x00000000      0xce1 Drivers/STM32L4xx_HAL_Driver/Src/stm32l4xx_hal.o
 .debug_info    0x00000ce1     0x10b8 Drivers/STM32L4xx_HAL_Driver/Src/stm32l4xx_hal_cortex.o
 .debug_info    0x00001d99      0xaeb Drivers/STM32L4xx_HAL_Driver/Src/stm32l4xx_hal_dma.o
 .debug_info    0x00002884      0x9a3 Drivers/STM32L4xx_HAL_Driver/Src/stm32l4xx_hal_gpio.o
 .debug_info    0x00003227     0x18d2 Drivers/STM32L4xx_HAL_Driver/Src/stm32l4xx_hal_pcd.o
 .debug_info    0x00004af9      0xb16 Drivers/STM32L4xx_HAL_Driver/Src/stm32l4xx_hal_pcd_ex.o
 .debug_info    0x0000560f      0xbb3 Drivers/STM32L4xx_HAL_Driver/Src/stm32l4xx_hal_pwr_ex.o
 .debug_info    0x000061c2     0x1068 Drivers/STM32L4xx_HAL_Driver/Src/stm32l4xx_hal_rcc.o
 .debug_info    0x0000722a     0x15c9 Drivers/STM32L4xx_HAL_Driver/Src/stm32l4xx_hal_rcc_ex.o
 .debug_info    0x000087f3     0x34e5 Drivers/STM32L4xx_HAL_Driver/Src/stm32l4xx_hal_tim.o
 .debug_info    0x0000bcd8     0x1881 Drivers/STM32L4xx_HAL_Driver/Src/stm32l4xx_hal_tim_ex.o
 .debug_info    0x0000d559     0x2089 Drivers/STM32L4xx_HAL_Driver/Src/stm32l4xx_hal_uart.o
 .debug_info    0x0000f5e2      0xdff Drivers/STM32L4xx_HAL_Driver/Src/stm32l4xx_hal_uart_ex.o
 .debug_info    0x000103e1     0x1c44 Drivers/STM32L4xx_HAL_Driver/Src/stm32l4xx_ll_usb.o
 .debug_info    0x00012025     0x1c3c Middlewares/ST/STM32_USB_Device_Library/Class/CDC/Src/usbd_cdc.o
 .debug_info    0x00013c61     0x1687 Middlewares/ST/STM32_USB_Device_Library/Core/Src/usbd_core.o
 .debug_info    0x000152e8     0x1934 Middlewares/ST/STM32_USB_Device_Library/Core/Src/usbd_ctlreq.o
 .debug_info    0x00016c1c     0x1157 Middlewares/ST/STM32_USB_Device_Library/Core/Src/usbd_ioreq.o
 .debug_info    0x00017d73      0x702 Src/gpio.o
 .debug_info    0x00018475     0x1e73 Src/main.o
 .debug_info    0x0001a2e8      0x4e2 Src/stm32l4xx_hal_msp.o
 .debug_info    0x0001a7ca      0xe71 Src/stm32l4xx_it.o
 .debug_info    0x0001b63b      0x716 Src/system_stm32l4xx.o
 .debug_info    0x0001bd51      0xf4e Src/tim.o
 .debug_info    0x0001cc9f     0x108a Src/usart.o
 .debug_info    0x0001dd29     0x1066 Src/usb_device.o
 .debug_info    0x0001ed8f     0x1fe8 Src/usbd_cdc_if.o
 .debug_info    0x00020d77     0x2749 Src/usbd_conf.o
 .debug_info    0x000234c0      0xfe5 Src/usbd_desc.o
 .debug_info    0x000244a5       0x22 startup/startup_stm32l4r5xx.o

.debug_abbrev   0x00000000     0x429a
 .debug_abbrev  0x00000000      0x209 Drivers/STM32L4xx_HAL_Driver/Src/stm32l4xx_hal.o
 .debug_abbrev  0x00000209      0x328 Drivers/STM32L4xx_HAL_Driver/Src/stm32l4xx_hal_cortex.o
 .debug_abbrev  0x00000531      0x240 Drivers/STM32L4xx_HAL_Driver/Src/stm32l4xx_hal_dma.o
 .debug_abbrev  0x00000771      0x1de Drivers/STM32L4xx_HAL_Driver/Src/stm32l4xx_hal_gpio.o
 .debug_abbrev  0x0000094f      0x294 Drivers/STM32L4xx_HAL_Driver/Src/stm32l4xx_hal_pcd.o
 .debug_abbrev  0x00000be3      0x267 Drivers/STM32L4xx_HAL_Driver/Src/stm32l4xx_hal_pcd_ex.o
 .debug_abbrev  0x00000e4a      0x1de Drivers/STM32L4xx_HAL_Driver/Src/stm32l4xx_hal_pwr_ex.o
 .debug_abbrev  0x00001028      0x23b Drivers/STM32L4xx_HAL_Driver/Src/stm32l4xx_hal_rcc.o
 .debug_abbrev  0x00001263      0x24c Drivers/STM32L4xx_HAL_Driver/Src/stm32l4xx_hal_rcc_ex.o
 .debug_abbrev  0x000014af      0x226 Drivers/STM32L4xx_HAL_Driver/Src/stm32l4xx_hal_tim.o
 .debug_abbrev  0x000016d5      0x237 Drivers/STM32L4xx_HAL_Driver/Src/stm32l4xx_hal_tim_ex.o
 .debug_abbrev  0x0000190c      0x24d Drivers/STM32L4xx_HAL_Driver/Src/stm32l4xx_hal_uart.o
 .debug_abbrev  0x00001b59      0x226 Drivers/STM32L4xx_HAL_Driver/Src/stm32l4xx_hal_uart_ex.o
 .debug_abbrev  0x00001d7f      0x2b3 Drivers/STM32L4xx_HAL_Driver/Src/stm32l4xx_ll_usb.o
 .debug_abbrev  0x00002032      0x339 Middlewares/ST/STM32_USB_Device_Library/Class/CDC/Src/usbd_cdc.o
 .debug_abbrev  0x0000236b      0x2ac Middlewares/ST/STM32_USB_Device_Library/Core/Src/usbd_core.o
 .debug_abbrev  0x00002617      0x329 Middlewares/ST/STM32_USB_Device_Library/Core/Src/usbd_ctlreq.o
 .debug_abbrev  0x00002940      0x215 Middlewares/ST/STM32_USB_Device_Library/Core/Src/usbd_ioreq.o
 .debug_abbrev  0x00002b55      0x162 Src/gpio.o
 .debug_abbrev  0x00002cb7      0x2ae Src/main.o
 .debug_abbrev  0x00002f65      0x125 Src/stm32l4xx_hal_msp.o
 .debug_abbrev  0x0000308a      0x1ae Src/stm32l4xx_it.o
 .debug_abbrev  0x00003238      0x150 Src/system_stm32l4xx.o
 .debug_abbrev  0x00003388      0x205 Src/tim.o
 .debug_abbrev  0x0000358d      0x1d2 Src/usart.o
 .debug_abbrev  0x0000375f      0x21c Src/usb_device.o
 .debug_abbrev  0x0000397b      0x330 Src/usbd_cdc_if.o
 .debug_abbrev  0x00003cab      0x332 Src/usbd_conf.o
 .debug_abbrev  0x00003fdd      0x2ab Src/usbd_desc.o
 .debug_abbrev  0x00004288       0x12 startup/startup_stm32l4r5xx.o

.debug_loc      0x00000000    0x116cf
 .debug_loc     0x00000000      0x1f1 Drivers/STM32L4xx_HAL_Driver/Src/stm32l4xx_hal.o
 .debug_loc     0x000001f1      0x5ce Drivers/STM32L4xx_HAL_Driver/Src/stm32l4xx_hal_cortex.o
 .debug_loc     0x000007bf      0x7cf Drivers/STM32L4xx_HAL_Driver/Src/stm32l4xx_hal_dma.o
 .debug_loc     0x00000f8e      0x2bd Drivers/STM32L4xx_HAL_Driver/Src/stm32l4xx_hal_gpio.o
 .debug_loc     0x0000124b      0xe73 Drivers/STM32L4xx_HAL_Driver/Src/stm32l4xx_hal_pcd.o
 .debug_loc     0x000020be      0x19c Drivers/STM32L4xx_HAL_Driver/Src/stm32l4xx_hal_pcd_ex.o
 .debug_loc     0x0000225a      0xa65 Drivers/STM32L4xx_HAL_Driver/Src/stm32l4xx_hal_pwr_ex.o
 .debug_loc     0x00002cbf      0x7e1 Drivers/STM32L4xx_HAL_Driver/Src/stm32l4xx_hal_rcc.o
 .debug_loc     0x000034a0     0x2085 Drivers/STM32L4xx_HAL_Driver/Src/stm32l4xx_hal_rcc_ex.o
 .debug_loc     0x00005525     0x3b2d Drivers/STM32L4xx_HAL_Driver/Src/stm32l4xx_hal_tim.o
 .debug_loc     0x00009052     0x1947 Drivers/STM32L4xx_HAL_Driver/Src/stm32l4xx_hal_tim_ex.o
 .debug_loc     0x0000a999     0x1aa7 Drivers/STM32L4xx_HAL_Driver/Src/stm32l4xx_hal_uart.o
 .debug_loc     0x0000c440      0x4a1 Drivers/STM32L4xx_HAL_Driver/Src/stm32l4xx_hal_uart_ex.o
 .debug_loc     0x0000c8e1     0x1bad Drivers/STM32L4xx_HAL_Driver/Src/stm32l4xx_ll_usb.o
 .debug_loc     0x0000e48e      0x729 Middlewares/ST/STM32_USB_Device_Library/Class/CDC/Src/usbd_cdc.o
 .debug_loc     0x0000ebb7      0x6e2 Middlewares/ST/STM32_USB_Device_Library/Core/Src/usbd_core.o
 .debug_loc     0x0000f299      0xe58 Middlewares/ST/STM32_USB_Device_Library/Core/Src/usbd_ctlreq.o
 .debug_loc     0x000100f1      0x23c Middlewares/ST/STM32_USB_Device_Library/Core/Src/usbd_ioreq.o
 .debug_loc     0x0001032d      0x1b8 Src/system_stm32l4xx.o
 .debug_loc     0x000104e5       0x3a Src/tim.o
 .debug_loc     0x0001051f       0x74 Src/usart.o
 .debug_loc     0x00010593      0x15c Src/usbd_cdc_if.o
 .debug_loc     0x000106ef      0xcb1 Src/usbd_conf.o
 .debug_loc     0x000113a0      0x32f Src/usbd_desc.o

.debug_aranges  0x00000000     0x1640
 .debug_aranges
                0x00000000      0x130 Drivers/STM32L4xx_HAL_Driver/Src/stm32l4xx_hal.o
 .debug_aranges
                0x00000130       0xa8 Drivers/STM32L4xx_HAL_Driver/Src/stm32l4xx_hal_cortex.o
 .debug_aranges
                0x000001d8       0x90 Drivers/STM32L4xx_HAL_Driver/Src/stm32l4xx_hal_dma.o
 .debug_aranges
                0x00000268       0x58 Drivers/STM32L4xx_HAL_Driver/Src/stm32l4xx_hal_gpio.o
 .debug_aranges
                0x000002c0      0x130 Drivers/STM32L4xx_HAL_Driver/Src/stm32l4xx_hal_pcd.o
 .debug_aranges
                0x000003f0       0x60 Drivers/STM32L4xx_HAL_Driver/Src/stm32l4xx_hal_pcd_ex.o
 .debug_aranges
                0x00000450      0x168 Drivers/STM32L4xx_HAL_Driver/Src/stm32l4xx_hal_pwr_ex.o
 .debug_aranges
                0x000005b8       0x90 Drivers/STM32L4xx_HAL_Driver/Src/stm32l4xx_hal_rcc.o
 .debug_aranges
                0x00000648      0x108 Drivers/STM32L4xx_HAL_Driver/Src/stm32l4xx_hal_rcc_ex.o
 .debug_aranges
                0x00000750      0x3b8 Drivers/STM32L4xx_HAL_Driver/Src/stm32l4xx_hal_tim.o
 .debug_aranges
                0x00000b08      0x168 Drivers/STM32L4xx_HAL_Driver/Src/stm32l4xx_hal_tim_ex.o
 .debug_aranges
                0x00000c70      0x218 Drivers/STM32L4xx_HAL_Driver/Src/stm32l4xx_hal_uart.o
 .debug_aranges
                0x00000e88       0x88 Drivers/STM32L4xx_HAL_Driver/Src/stm32l4xx_hal_uart_ex.o
 .debug_aranges
                0x00000f10      0x198 Drivers/STM32L4xx_HAL_Driver/Src/stm32l4xx_ll_usb.o
 .debug_aranges
                0x000010a8       0x90 Middlewares/ST/STM32_USB_Device_Library/Class/CDC/Src/usbd_cdc.o
 .debug_aranges
                0x00001138       0xb8 Middlewares/ST/STM32_USB_Device_Library/Core/Src/usbd_core.o
 .debug_aranges
                0x000011f0       0x88 Middlewares/ST/STM32_USB_Device_Library/Core/Src/usbd_ctlreq.o
 .debug_aranges
                0x00001278       0x50 Middlewares/ST/STM32_USB_Device_Library/Core/Src/usbd_ioreq.o
 .debug_aranges
                0x000012c8       0x20 Src/gpio.o
 .debug_aranges
                0x000012e8       0x30 Src/main.o
 .debug_aranges
                0x00001318       0x20 Src/stm32l4xx_hal_msp.o
 .debug_aranges
                0x00001338       0x70 Src/stm32l4xx_it.o
 .debug_aranges
                0x000013a8       0x28 Src/system_stm32l4xx.o
 .debug_aranges
                0x000013d0       0x38 Src/tim.o
 .debug_aranges
                0x00001408       0x30 Src/usart.o
 .debug_aranges
                0x00001438       0x20 Src/usb_device.o
 .debug_aranges
                0x00001458       0x40 Src/usbd_cdc_if.o
 .debug_aranges
                0x00001498      0x118 Src/usbd_conf.o
 .debug_aranges
                0x000015b0       0x68 Src/usbd_desc.o
 .debug_aranges
                0x00001618       0x28 startup/startup_stm32l4r5xx.o

.debug_ranges   0x00000000     0x1518
 .debug_ranges  0x00000000      0x120 Drivers/STM32L4xx_HAL_Driver/Src/stm32l4xx_hal.o
 .debug_ranges  0x00000120       0xf8 Drivers/STM32L4xx_HAL_Driver/Src/stm32l4xx_hal_cortex.o
 .debug_ranges  0x00000218       0x80 Drivers/STM32L4xx_HAL_Driver/Src/stm32l4xx_hal_dma.o
 .debug_ranges  0x00000298       0x48 Drivers/STM32L4xx_HAL_Driver/Src/stm32l4xx_hal_gpio.o
 .debug_ranges  0x000002e0      0x120 Drivers/STM32L4xx_HAL_Driver/Src/stm32l4xx_hal_pcd.o
 .debug_ranges  0x00000400       0x50 Drivers/STM32L4xx_HAL_Driver/Src/stm32l4xx_hal_pcd_ex.o
 .debug_ranges  0x00000450      0x158 Drivers/STM32L4xx_HAL_Driver/Src/stm32l4xx_hal_pwr_ex.o
 .debug_ranges  0x000005a8       0x98 Drivers/STM32L4xx_HAL_Driver/Src/stm32l4xx_hal_rcc.o
 .debug_ranges  0x00000640      0x118 Drivers/STM32L4xx_HAL_Driver/Src/stm32l4xx_hal_rcc_ex.o
 .debug_ranges  0x00000758      0x3a8 Drivers/STM32L4xx_HAL_Driver/Src/stm32l4xx_hal_tim.o
 .debug_ranges  0x00000b00      0x158 Drivers/STM32L4xx_HAL_Driver/Src/stm32l4xx_hal_tim_ex.o
 .debug_ranges  0x00000c58      0x208 Drivers/STM32L4xx_HAL_Driver/Src/stm32l4xx_hal_uart.o
 .debug_ranges  0x00000e60       0x78 Drivers/STM32L4xx_HAL_Driver/Src/stm32l4xx_hal_uart_ex.o
 .debug_ranges  0x00000ed8      0x188 Drivers/STM32L4xx_HAL_Driver/Src/stm32l4xx_ll_usb.o
 .debug_ranges  0x00001060       0x80 Middlewares/ST/STM32_USB_Device_Library/Class/CDC/Src/usbd_cdc.o
 .debug_ranges  0x000010e0       0xa8 Middlewares/ST/STM32_USB_Device_Library/Core/Src/usbd_core.o
 .debug_ranges  0x00001188       0x78 Middlewares/ST/STM32_USB_Device_Library/Core/Src/usbd_ctlreq.o
 .debug_ranges  0x00001200       0x40 Middlewares/ST/STM32_USB_Device_Library/Core/Src/usbd_ioreq.o
 .debug_ranges  0x00001240       0x10 Src/gpio.o
 .debug_ranges  0x00001250       0x20 Src/main.o
 .debug_ranges  0x00001270       0x10 Src/stm32l4xx_hal_msp.o
 .debug_ranges  0x00001280       0x60 Src/stm32l4xx_it.o
 .debug_ranges  0x000012e0       0x18 Src/system_stm32l4xx.o
 .debug_ranges  0x000012f8       0x28 Src/tim.o
 .debug_ranges  0x00001320       0x20 Src/usart.o
 .debug_ranges  0x00001340       0x10 Src/usb_device.o
 .debug_ranges  0x00001350       0x48 Src/usbd_cdc_if.o
 .debug_ranges  0x00001398      0x108 Src/usbd_conf.o
 .debug_ranges  0x000014a0       0x58 Src/usbd_desc.o
 .debug_ranges  0x000014f8       0x20 startup/startup_stm32l4r5xx.o

.debug_macro    0x00000000    0x2e3ee
 .debug_macro   0x00000000      0x263 Drivers/STM32L4xx_HAL_Driver/Src/stm32l4xx_hal.o
 .debug_macro   0x00000263      0xa60 Drivers/STM32L4xx_HAL_Driver/Src/stm32l4xx_hal.o
 .debug_macro   0x00000cc3       0xc6 Drivers/STM32L4xx_HAL_Driver/Src/stm32l4xx_hal.o
 .debug_macro   0x00000d89       0x2e Drivers/STM32L4xx_HAL_Driver/Src/stm32l4xx_hal.o
 .debug_macro   0x00000db7       0x28 Drivers/STM32L4xx_HAL_Driver/Src/stm32l4xx_hal.o
 .debug_macro   0x00000ddf       0x22 Drivers/STM32L4xx_HAL_Driver/Src/stm32l4xx_hal.o
 .debug_macro   0x00000e01       0x8e Drivers/STM32L4xx_HAL_Driver/Src/stm32l4xx_hal.o
 .debug_macro   0x00000e8f       0x51 Drivers/STM32L4xx_HAL_Driver/Src/stm32l4xx_hal.o
 .debug_macro   0x00000ee0       0xef Drivers/STM32L4xx_HAL_Driver/Src/stm32l4xx_hal.o
 .debug_macro   0x00000fcf       0x6a Drivers/STM32L4xx_HAL_Driver/Src/stm32l4xx_hal.o
 .debug_macro   0x00001039      0x1df Drivers/STM32L4xx_HAL_Driver/Src/stm32l4xx_hal.o
 .debug_macro   0x00001218       0x1c Drivers/STM32L4xx_HAL_Driver/Src/stm32l4xx_hal.o
 .debug_macro   0x00001234       0x22 Drivers/STM32L4xx_HAL_Driver/Src/stm32l4xx_hal.o
 .debug_macro   0x00001256       0xdf Drivers/STM32L4xx_HAL_Driver/Src/stm32l4xx_hal.o
 .debug_macro   0x00001335     0x102d Drivers/STM32L4xx_HAL_Driver/Src/stm32l4xx_hal.o
 .debug_macro   0x00002362      0x11f Drivers/STM32L4xx_HAL_Driver/Src/stm32l4xx_hal.o
 .debug_macro   0x00002481    0x1caae Drivers/STM32L4xx_HAL_Driver/Src/stm32l4xx_hal.o
 .debug_macro   0x0001ef2f       0x43 Drivers/STM32L4xx_HAL_Driver/Src/stm32l4xx_hal.o
 .debug_macro   0x0001ef72     0x3820 Drivers/STM32L4xx_HAL_Driver/Src/stm32l4xx_hal.o
 .debug_macro   0x00022792      0x174 Drivers/STM32L4xx_HAL_Driver/Src/stm32l4xx_hal.o
 .debug_macro   0x00022906       0x4e Drivers/STM32L4xx_HAL_Driver/Src/stm32l4xx_hal.o
 .debug_macro   0x00022954     0x180d Drivers/STM32L4xx_HAL_Driver/Src/stm32l4xx_hal.o
 .debug_macro   0x00024161      0x7ce Drivers/STM32L4xx_HAL_Driver/Src/stm32l4xx_hal.o
 .debug_macro   0x0002492f      0x241 Drivers/STM32L4xx_HAL_Driver/Src/stm32l4xx_hal.o
 .debug_macro   0x00024b70      0x13d Drivers/STM32L4xx_HAL_Driver/Src/stm32l4xx_hal.o
 .debug_macro   0x00024cad      0x21e Drivers/STM32L4xx_HAL_Driver/Src/stm32l4xx_hal.o
 .debug_macro   0x00024ecb      0x486 Drivers/STM32L4xx_HAL_Driver/Src/stm32l4xx_hal.o
 .debug_macro   0x00025351      0x1ce Drivers/STM32L4xx_HAL_Driver/Src/stm32l4xx_hal.o
 .debug_macro   0x0002551f       0x43 Drivers/STM32L4xx_HAL_Driver/Src/stm32l4xx_hal.o
 .debug_macro   0x00025562      0x236 Drivers/STM32L4xx_HAL_Driver/Src/stm32l4xx_hal.o
 .debug_macro   0x00025798      0x408 Drivers/STM32L4xx_HAL_Driver/Src/stm32l4xx_hal.o
 .debug_macro   0x00025ba0       0x1c Drivers/STM32L4xx_HAL_Driver/Src/stm32l4xx_hal.o
 .debug_macro   0x00025bbc      0x100 Drivers/STM32L4xx_HAL_Driver/Src/stm32l4xx_hal.o
 .debug_macro   0x00025cbc      0x22c Drivers/STM32L4xx_HAL_Driver/Src/stm32l4xx_hal.o
 .debug_macro   0x00025ee8       0x5e Drivers/STM32L4xx_HAL_Driver/Src/stm32l4xx_hal.o
 .debug_macro   0x00025f46       0xa5 Drivers/STM32L4xx_HAL_Driver/Src/stm32l4xx_hal.o
 .debug_macro   0x00025feb      0x122 Drivers/STM32L4xx_HAL_Driver/Src/stm32l4xx_hal.o
 .debug_macro   0x0002610d      0x3e2 Drivers/STM32L4xx_HAL_Driver/Src/stm32l4xx_hal.o
 .debug_macro   0x000264ef      0x9f7 Drivers/STM32L4xx_HAL_Driver/Src/stm32l4xx_hal.o
 .debug_macro   0x00026ee6      0x197 Drivers/STM32L4xx_HAL_Driver/Src/stm32l4xx_hal.o
 .debug_macro   0x0002707d      0x63f Drivers/STM32L4xx_HAL_Driver/Src/stm32l4xx_hal.o
 .debug_macro   0x000276bc       0xa6 Drivers/STM32L4xx_HAL_Driver/Src/stm32l4xx_hal.o
 .debug_macro   0x00027762      0x1f4 Drivers/STM32L4xx_HAL_Driver/Src/stm32l4xx_hal.o
 .debug_macro   0x00027956       0xac Drivers/STM32L4xx_HAL_Driver/Src/stm32l4xx_hal.o
 .debug_macro   0x00027a02      0x44b Drivers/STM32L4xx_HAL_Driver/Src/stm32l4xx_hal.o
 .debug_macro   0x00027e4d      0x215 Drivers/STM32L4xx_HAL_Driver/Src/stm32l4xx_hal_cortex.o
 .debug_macro   0x00028062      0x215 Drivers/STM32L4xx_HAL_Driver/Src/stm32l4xx_hal_dma.o
 .debug_macro   0x00028277      0x254 Drivers/STM32L4xx_HAL_Driver/Src/stm32l4xx_hal_gpio.o
 .debug_macro   0x000284cb      0x221 Drivers/STM32L4xx_HAL_Driver/Src/stm32l4xx_hal_pcd.o
 .debug_macro   0x000286ec      0x215 Drivers/STM32L4xx_HAL_Driver/Src/stm32l4xx_hal_pcd_ex.o
 .debug_macro   0x00028901      0x23f Drivers/STM32L4xx_HAL_Driver/Src/stm32l4xx_hal_pwr_ex.o
 .debug_macro   0x00028b40      0x257 Drivers/STM32L4xx_HAL_Driver/Src/stm32l4xx_hal_rcc.o
 .debug_macro   0x00028d97      0x24b Drivers/STM32L4xx_HAL_Driver/Src/stm32l4xx_hal_rcc_ex.o
 .debug_macro   0x00028fe2      0x216 Drivers/STM32L4xx_HAL_Driver/Src/stm32l4xx_hal_tim.o
 .debug_macro   0x000291f8      0x215 Drivers/STM32L4xx_HAL_Driver/Src/stm32l4xx_hal_tim_ex.o
 .debug_macro   0x0002940d      0x240 Drivers/STM32L4xx_HAL_Driver/Src/stm32l4xx_hal_uart.o
 .debug_macro   0x0002964d      0x221 Drivers/STM32L4xx_HAL_Driver/Src/stm32l4xx_hal_uart_ex.o
 .debug_macro   0x0002986e      0x215 Drivers/STM32L4xx_HAL_Driver/Src/stm32l4xx_ll_usb.o
 .debug_macro   0x00029a83      0x427 Middlewares/ST/STM32_USB_Device_Library/Class/CDC/Src/usbd_cdc.o
 .debug_macro   0x00029eaa       0x58 Middlewares/ST/STM32_USB_Device_Library/Class/CDC/Src/usbd_cdc.o
 .debug_macro   0x00029f02       0x18 Middlewares/ST/STM32_USB_Device_Library/Class/CDC/Src/usbd_cdc.o
 .debug_macro   0x00029f1a       0x94 Middlewares/ST/STM32_USB_Device_Library/Class/CDC/Src/usbd_cdc.o
 .debug_macro   0x00029fae       0x35 Middlewares/ST/STM32_USB_Device_Library/Class/CDC/Src/usbd_cdc.o
 .debug_macro   0x00029fe3       0x34 Middlewares/ST/STM32_USB_Device_Library/Class/CDC/Src/usbd_cdc.o
 .debug_macro   0x0002a017       0x16 Middlewares/ST/STM32_USB_Device_Library/Class/CDC/Src/usbd_cdc.o
 .debug_macro   0x0002a02d       0x57 Middlewares/ST/STM32_USB_Device_Library/Class/CDC/Src/usbd_cdc.o
 .debug_macro   0x0002a084       0x97 Middlewares/ST/STM32_USB_Device_Library/Class/CDC/Src/usbd_cdc.o
 .debug_macro   0x0002a11b      0x330 Middlewares/ST/STM32_USB_Device_Library/Class/CDC/Src/usbd_cdc.o
 .debug_macro   0x0002a44b       0xfd Middlewares/ST/STM32_USB_Device_Library/Class/CDC/Src/usbd_cdc.o
 .debug_macro   0x0002a548       0x10 Middlewares/ST/STM32_USB_Device_Library/Class/CDC/Src/usbd_cdc.o
 .debug_macro   0x0002a558       0x58 Middlewares/ST/STM32_USB_Device_Library/Class/CDC/Src/usbd_cdc.o
 .debug_macro   0x0002a5b0       0x1f Middlewares/ST/STM32_USB_Device_Library/Class/CDC/Src/usbd_cdc.o
 .debug_macro   0x0002a5cf       0x43 Middlewares/ST/STM32_USB_Device_Library/Class/CDC/Src/usbd_cdc.o
 .debug_macro   0x0002a612       0x20 Middlewares/ST/STM32_USB_Device_Library/Class/CDC/Src/usbd_cdc.o
 .debug_macro   0x0002a632      0x18e Middlewares/ST/STM32_USB_Device_Library/Class/CDC/Src/usbd_cdc.o
 .debug_macro   0x0002a7c0       0x10 Middlewares/ST/STM32_USB_Device_Library/Class/CDC/Src/usbd_cdc.o
 .debug_macro   0x0002a7d0       0x1c Middlewares/ST/STM32_USB_Device_Library/Class/CDC/Src/usbd_cdc.o
 .debug_macro   0x0002a7ec       0x52 Middlewares/ST/STM32_USB_Device_Library/Class/CDC/Src/usbd_cdc.o
 .debug_macro   0x0002a83e       0x40 Middlewares/ST/STM32_USB_Device_Library/Class/CDC/Src/usbd_cdc.o
 .debug_macro   0x0002a87e       0x10 Middlewares/ST/STM32_USB_Device_Library/Class/CDC/Src/usbd_cdc.o
 .debug_macro   0x0002a88e       0x40 Middlewares/ST/STM32_USB_Device_Library/Class/CDC/Src/usbd_cdc.o
 .debug_macro   0x0002a8ce       0xd7 Middlewares/ST/STM32_USB_Device_Library/Class/CDC/Src/usbd_cdc.o
 .debug_macro   0x0002a9a5       0x1c Middlewares/ST/STM32_USB_Device_Library/Class/CDC/Src/usbd_cdc.o
 .debug_macro   0x0002a9c1       0x3d Middlewares/ST/STM32_USB_Device_Library/Class/CDC/Src/usbd_cdc.o
 .debug_macro   0x0002a9fe       0x16 Middlewares/ST/STM32_USB_Device_Library/Class/CDC/Src/usbd_cdc.o
 .debug_macro   0x0002aa14      0x16f Middlewares/ST/STM32_USB_Device_Library/Class/CDC/Src/usbd_cdc.o
 .debug_macro   0x0002ab83       0x16 Middlewares/ST/STM32_USB_Device_Library/Class/CDC/Src/usbd_cdc.o
 .debug_macro   0x0002ab99       0x35 Middlewares/ST/STM32_USB_Device_Library/Class/CDC/Src/usbd_cdc.o
 .debug_macro   0x0002abce       0x16 Middlewares/ST/STM32_USB_Device_Library/Class/CDC/Src/usbd_cdc.o
 .debug_macro   0x0002abe4       0x29 Middlewares/ST/STM32_USB_Device_Library/Class/CDC/Src/usbd_cdc.o
 .debug_macro   0x0002ac0d       0x16 Middlewares/ST/STM32_USB_Device_Library/Class/CDC/Src/usbd_cdc.o
 .debug_macro   0x0002ac23       0xd9 Middlewares/ST/STM32_USB_Device_Library/Class/CDC/Src/usbd_cdc.o
 .debug_macro   0x0002acfc       0x5f Middlewares/ST/STM32_USB_Device_Library/Class/CDC/Src/usbd_cdc.o
 .debug_macro   0x0002ad5b      0x1d0 Middlewares/ST/STM32_USB_Device_Library/Class/CDC/Src/usbd_cdc.o
 .debug_macro   0x0002af2b       0x8f Middlewares/ST/STM32_USB_Device_Library/Class/CDC/Src/usbd_cdc.o
 .debug_macro   0x0002afba      0x40e Middlewares/ST/STM32_USB_Device_Library/Core/Src/usbd_core.o
 .debug_macro   0x0002b3c8      0x1d6 Middlewares/ST/STM32_USB_Device_Library/Core/Src/usbd_core.o
 .debug_macro   0x0002b59e      0x418 Middlewares/ST/STM32_USB_Device_Library/Core/Src/usbd_ctlreq.o
 .debug_macro   0x0002b9b6      0x414 Middlewares/ST/STM32_USB_Device_Library/Core/Src/usbd_ioreq.o
 .debug_macro   0x0002bdca      0x229 Src/gpio.o
 .debug_macro   0x0002bff3      0x463 Src/main.o
 .debug_macro   0x0002c456       0x5e Src/main.o
 .debug_macro   0x0002c4b4      0x32a Src/main.o
 .debug_macro   0x0002c7de      0x21f Src/stm32l4xx_hal_msp.o
 .debug_macro   0x0002c9fd      0x229 Src/stm32l4xx_it.o
 .debug_macro   0x0002cc26      0x21b Src/system_stm32l4xx.o
 .debug_macro   0x0002ce41      0x229 Src/tim.o
 .debug_macro   0x0002d06a      0x229 Src/usart.o
 .debug_macro   0x0002d293      0x44e Src/usb_device.o
 .debug_macro   0x0002d6e1       0x22 Src/usb_device.o
 .debug_macro   0x0002d703      0x44d Src/usbd_cdc_if.o
 .debug_macro   0x0002db50      0x431 Src/usbd_conf.o
 .debug_macro   0x0002df81      0x451 Src/usbd_desc.o
 .debug_macro   0x0002e3d2       0x1c Src/usbd_desc.o

.debug_line     0x00000000    0x151be
 .debug_line    0x00000000      0xa07 Drivers/STM32L4xx_HAL_Driver/Src/stm32l4xx_hal.o
 .debug_line    0x00000a07      0x9b5 Drivers/STM32L4xx_HAL_Driver/Src/stm32l4xx_hal_cortex.o
 .debug_line    0x000013bc      0xa2a Drivers/STM32L4xx_HAL_Driver/Src/stm32l4xx_hal_dma.o
 .debug_line    0x00001de6      0x8e4 Drivers/STM32L4xx_HAL_Driver/Src/stm32l4xx_hal_gpio.o
 .debug_line    0x000026ca      0xcc8 Drivers/STM32L4xx_HAL_Driver/Src/stm32l4xx_hal_pcd.o
 .debug_line    0x00003392      0x84d Drivers/STM32L4xx_HAL_Driver/Src/stm32l4xx_hal_pcd_ex.o
 .debug_line    0x00003bdf      0xc4f Drivers/STM32L4xx_HAL_Driver/Src/stm32l4xx_hal_pwr_ex.o
 .debug_line    0x0000482e      0xb47 Drivers/STM32L4xx_HAL_Driver/Src/stm32l4xx_hal_rcc.o
 .debug_line    0x00005375      0xf45 Drivers/STM32L4xx_HAL_Driver/Src/stm32l4xx_hal_rcc_ex.o
 .debug_line    0x000062ba     0x1b68 Drivers/STM32L4xx_HAL_Driver/Src/stm32l4xx_hal_tim.o
 .debug_line    0x00007e22      0xe9d Drivers/STM32L4xx_HAL_Driver/Src/stm32l4xx_hal_tim_ex.o
 .debug_line    0x00008cbf     0x191c Drivers/STM32L4xx_HAL_Driver/Src/stm32l4xx_hal_uart.o
 .debug_line    0x0000a5db      0x9db Drivers/STM32L4xx_HAL_Driver/Src/stm32l4xx_hal_uart_ex.o
 .debug_line    0x0000afb6      0xdc1 Drivers/STM32L4xx_HAL_Driver/Src/stm32l4xx_ll_usb.o
 .debug_line    0x0000bd77      0xbcf Middlewares/ST/STM32_USB_Device_Library/Class/CDC/Src/usbd_cdc.o
 .debug_line    0x0000c946      0xbc6 Middlewares/ST/STM32_USB_Device_Library/Core/Src/usbd_core.o
 .debug_line    0x0000d50c      0xc90 Middlewares/ST/STM32_USB_Device_Library/Core/Src/usbd_ctlreq.o
 .debug_line    0x0000e19c      0xa14 Middlewares/ST/STM32_USB_Device_Library/Core/Src/usbd_ioreq.o
 .debug_line    0x0000ebb0      0x76c Src/gpio.o
 .debug_line    0x0000f31c      0xa83 Src/main.o
 .debug_line    0x0000fd9f      0x760 Src/stm32l4xx_hal_msp.o
 .debug_line    0x000104ff      0x814 Src/stm32l4xx_it.o
 .debug_line    0x00010d13      0x798 Src/system_stm32l4xx.o
 .debug_line    0x000114ab      0x7dd Src/tim.o
 .debug_line    0x00011c88      0x7ad Src/usart.o
 .debug_line    0x00012435      0xa1e Src/usb_device.o
 .debug_line    0x00012e53      0xbd1 Src/usbd_cdc_if.o
 .debug_line    0x00013a24      0xccd Src/usbd_conf.o
 .debug_line    0x000146f1      0xa4f Src/usbd_desc.o
 .debug_line    0x00015140       0x7e startup/startup_stm32l4r5xx.o

.debug_str      0x00000000   0x10a720
 .debug_str     0x00000000    0xff901 Drivers/STM32L4xx_HAL_Driver/Src/stm32l4xx_hal.o
                              0xffd6e (size before relaxing)
 .debug_str     0x000ff901      0x3a1 Drivers/STM32L4xx_HAL_Driver/Src/stm32l4xx_hal_cortex.o
                              0xffa92 (size before relaxing)
 .debug_str     0x000ffca2      0x514 Drivers/STM32L4xx_HAL_Driver/Src/stm32l4xx_hal_dma.o
                              0xff5a9 (size before relaxing)
 .debug_str     0x001001b6      0x2b6 Drivers/STM32L4xx_HAL_Driver/Src/stm32l4xx_hal_gpio.o
                              0xff495 (size before relaxing)
 .debug_str     0x0010046c      0xb4c Drivers/STM32L4xx_HAL_Driver/Src/stm32l4xx_hal_pcd.o
                              0xffbf8 (size before relaxing)
 .debug_str     0x00100fb8      0x187 Drivers/STM32L4xx_HAL_Driver/Src/stm32l4xx_hal_pcd_ex.o
                              0xff5fa (size before relaxing)
 .debug_str     0x0010113f      0x56d Drivers/STM32L4xx_HAL_Driver/Src/stm32l4xx_hal_pwr_ex.o
                              0xff7dc (size before relaxing)
 .debug_str     0x001016ac      0x535 Drivers/STM32L4xx_HAL_Driver/Src/stm32l4xx_hal_rcc.o
                              0xff845 (size before relaxing)
 .debug_str     0x00101be1      0x842 Drivers/STM32L4xx_HAL_Driver/Src/stm32l4xx_hal_rcc_ex.o
                              0xffc41 (size before relaxing)
 .debug_str     0x00102423      0xf96 Drivers/STM32L4xx_HAL_Driver/Src/stm32l4xx_hal_tim.o
                             0x1003e9 (size before relaxing)
 .debug_str     0x001033b9      0x5de Drivers/STM32L4xx_HAL_Driver/Src/stm32l4xx_hal_tim_ex.o
                              0xffd09 (size before relaxing)
 .debug_str     0x00103997      0xaf1 Drivers/STM32L4xx_HAL_Driver/Src/stm32l4xx_hal_uart.o
                             0x10004b (size before relaxing)
 .debug_str     0x00104488      0x249 Drivers/STM32L4xx_HAL_Driver/Src/stm32l4xx_hal_uart_ex.o
                              0xff86f (size before relaxing)
 .debug_str     0x001046d1      0x42b Drivers/STM32L4xx_HAL_Driver/Src/stm32l4xx_ll_usb.o
                              0xffadd (size before relaxing)
 .debug_str     0x00104afc     0x50e7 Middlewares/ST/STM32_USB_Device_Library/Class/CDC/Src/usbd_cdc.o
                             0x104600 (size before relaxing)
 .debug_str     0x00109be3      0x294 Middlewares/ST/STM32_USB_Device_Library/Core/Src/usbd_core.o
                             0x103f06 (size before relaxing)
 .debug_str     0x00109e77      0x117 Middlewares/ST/STM32_USB_Device_Library/Core/Src/usbd_ctlreq.o
                             0x103e20 (size before relaxing)
 .debug_str     0x00109f8e       0x51 Middlewares/ST/STM32_USB_Device_Library/Core/Src/usbd_ioreq.o
                             0x103d4d (size before relaxing)
 .debug_str     0x00109fdf       0x25 Src/gpio.o
                              0xff235 (size before relaxing)
 .debug_str     0x0010a004       0xfc Src/main.o
                             0x104c13 (size before relaxing)
 .debug_str     0x0010a100       0x1b Src/stm32l4xx_hal_msp.o
                              0xff17a (size before relaxing)
 .debug_str     0x0010a11b       0xec Src/stm32l4xx_it.o
                              0xff998 (size before relaxing)
 .debug_str     0x0010a207       0x50 Src/system_stm32l4xx.o
                              0xff210 (size before relaxing)
 .debug_str     0x0010a257       0x43 Src/tim.o
                              0xff960 (size before relaxing)
 .debug_str     0x0010a29a       0x1a Src/usart.o
                              0xffcff (size before relaxing)
 .debug_str     0x0010a2b4       0xa4 Src/usb_device.o
                             0x104090 (size before relaxing)
 .debug_str     0x0010a358       0xb1 Src/usbd_cdc_if.o
                             0x1048cb (size before relaxing)
 .debug_str     0x0010a409       0x6a Src/usbd_conf.o
                             0x105002 (size before relaxing)
 .debug_str     0x0010a473      0x27e Src/usbd_desc.o
                             0x103caf (size before relaxing)
 .debug_str     0x0010a6f1       0x2f startup/startup_stm32l4r5xx.o
                                 0x62 (size before relaxing)

.comment        0x00000000       0x7f
 .comment       0x00000000       0x7f Drivers/STM32L4xx_HAL_Driver/Src/stm32l4xx_hal.o
                                 0x80 (size before relaxing)
 .comment       0x0000007f       0x80 Drivers/STM32L4xx_HAL_Driver/Src/stm32l4xx_hal_cortex.o
 .comment       0x0000007f       0x80 Drivers/STM32L4xx_HAL_Driver/Src/stm32l4xx_hal_dma.o
 .comment       0x0000007f       0x80 Drivers/STM32L4xx_HAL_Driver/Src/stm32l4xx_hal_gpio.o
 .comment       0x0000007f       0x80 Drivers/STM32L4xx_HAL_Driver/Src/stm32l4xx_hal_pcd.o
 .comment       0x0000007f       0x80 Drivers/STM32L4xx_HAL_Driver/Src/stm32l4xx_hal_pcd_ex.o
 .comment       0x0000007f       0x80 Drivers/STM32L4xx_HAL_Driver/Src/stm32l4xx_hal_pwr_ex.o
 .comment       0x0000007f       0x80 Drivers/STM32L4xx_HAL_Driver/Src/stm32l4xx_hal_rcc.o
 .comment       0x0000007f       0x80 Drivers/STM32L4xx_HAL_Driver/Src/stm32l4xx_hal_rcc_ex.o
 .comment       0x0000007f       0x80 Drivers/STM32L4xx_HAL_Driver/Src/stm32l4xx_hal_tim.o